../Core/Src/stm32h7xx_hal_msp.c:64:6:HAL_MspInit	16	static
../Core/Src/stm32h7xx_hal_msp.c:101:6:HAL_ADC_MspInit	248	static
../Core/Src/stm32h7xx_hal_msp.c:171:6:HAL_ADC_MspDeInit	8	static
../Core/Src/stm32h7xx_hal_msp.c:207:6:HAL_DAC_MspInit	40	static
../Core/Src/stm32h7xx_hal_msp.c:240:6:HAL_DAC_MspDeInit	0	static
../Core/Src/stm32h7xx_hal_msp.c:268:6:HAL_ETH_MspInit	64	static
../Core/Src/stm32h7xx_hal_msp.c:337:6:HAL_ETH_MspDeInit	8	static
../Core/Src/stm32h7xx_hal_msp.c:381:6:HAL_TIM_Base_MspInit	16	static
../Core/Src/stm32h7xx_hal_msp.c:406:6:HAL_TIM_Base_MspDeInit	0	static
../Core/Src/stm32h7xx_hal_msp.c:431:6:HAL_UART_MspInit	232	static
../Core/Src/stm32h7xx_hal_msp.c:481:6:HAL_UART_MspDeInit	8	static
../Core/Src/stm32h7xx_hal_msp.c:512:6:HAL_PCD_MspInit	240	static
../Core/Src/stm32h7xx_hal_msp.c:569:6:HAL_PCD_MspDeInit	0	static
