../Core/Src/stm32h7xx_it.c:73:6:NMI_Handler	0	static
../Core/Src/stm32h7xx_it.c:88:6:HardFault_Handler	0	static
../Core/Src/stm32h7xx_it.c:103:6:MemManage_Handler	0	static
../Core/Src/stm32h7xx_it.c:118:6:BusFault_Handler	0	static
../Core/Src/stm32h7xx_it.c:133:6:UsageFault_Handler	0	static
../Core/Src/stm32h7xx_it.c:148:6:SVC_Handler	0	static
../Core/Src/stm32h7xx_it.c:161:6:DebugMon_Handler	0	static
../Core/Src/stm32h7xx_it.c:174:6:PendSV_Handler	0	static
../Core/Src/stm32h7xx_it.c:187:6:SysTick_Handler	0	static
../Core/Src/stm32h7xx_it.c:208:6:ADC_IRQHandler	8	static
../Core/Src/stm32h7xx_it.c:222:6:TIM1_UP_IRQHandler	8	static
../Core/Src/stm32h7xx_it.c:237:6:USART3_IRQHandler	0	static
