../Core/Src/main.c:104:5:main	8	static
../Core/Src/main.c:161:6:SystemClock_Config	120	static
../Core/Src/main.c:221:6:PeriphCommonClock_Config	200	static
../Core/Src/main.c:241:13:MX_ADC1_Init	48	static
../Core/Src/main.c:331:13:MX_DAC1_Init	48	static
../Core/Src/main.c:374:13:MX_ETH_Init	8	static
../Core/Src/main.c:423:13:MX_TIM1_Init	40	static
../Core/Src/main.c:474:13:MX_USART3_UART_Init	8	static
../Core/Src/main.c:522:13:MX_USB_OTG_FS_PCD_Init	8	static
../Core/Src/main.c:558:13:MX_GPIO_Init	64	static
../Core/Src/main.c:658:6:Error_Handler	4	static,ignoring_inline_asm
