Archive member included to satisfy reference by file (symbol)

C:/ST/STM32CubeIDE_1.8.0/STM32CubeIDE/plugins/com.st.stm32cube.ide.mcu.externaltools.gnu-tools-for-stm32.11.3.rel1.win32_1.1.0.202305231506/tools/bin/../lib/gcc/arm-none-eabi/11.3.1/../../../../arm-none-eabi/lib/thumb/v7e-m+dp/hard\libc_nano.a(libc_a-exit.o)
                              C:/ST/STM32CubeIDE_1.8.0/STM32CubeIDE/plugins/com.st.stm32cube.ide.mcu.externaltools.gnu-tools-for-stm32.11.3.rel1.win32_1.1.0.202305231506/tools/bin/../lib/gcc/arm-none-eabi/11.3.1/../../../../arm-none-eabi/lib/thumb/v7e-m+dp/hard/crt0.o (exit)
C:/ST/STM32CubeIDE_1.8.0/STM32CubeIDE/plugins/com.st.stm32cube.ide.mcu.externaltools.gnu-tools-for-stm32.11.3.rel1.win32_1.1.0.202305231506/tools/bin/../lib/gcc/arm-none-eabi/11.3.1/../../../../arm-none-eabi/lib/thumb/v7e-m+dp/hard\libc_nano.a(libc_a-nano-vfprintf_float.o)
                              (_printf_float)
C:/ST/STM32CubeIDE_1.8.0/STM32CubeIDE/plugins/com.st.stm32cube.ide.mcu.externaltools.gnu-tools-for-stm32.11.3.rel1.win32_1.1.0.202305231506/tools/bin/../lib/gcc/arm-none-eabi/11.3.1/../../../../arm-none-eabi/lib/thumb/v7e-m+dp/hard\libc_nano.a(libc_a-nano-vfprintf_i.o)
                              C:/ST/STM32CubeIDE_1.8.0/STM32CubeIDE/plugins/com.st.stm32cube.ide.mcu.externaltools.gnu-tools-for-stm32.11.3.rel1.win32_1.1.0.202305231506/tools/bin/../lib/gcc/arm-none-eabi/11.3.1/../../../../arm-none-eabi/lib/thumb/v7e-m+dp/hard\libc_nano.a(libc_a-nano-vfprintf_float.o) (_printf_common)
C:/ST/STM32CubeIDE_1.8.0/STM32CubeIDE/plugins/com.st.stm32cube.ide.mcu.externaltools.gnu-tools-for-stm32.11.3.rel1.win32_1.1.0.202305231506/tools/bin/../lib/gcc/arm-none-eabi/11.3.1/../../../../arm-none-eabi/lib/thumb/v7e-m+dp/hard\libc_nano.a(libc_a-findfp.o)
                              C:/ST/STM32CubeIDE_1.8.0/STM32CubeIDE/plugins/com.st.stm32cube.ide.mcu.externaltools.gnu-tools-for-stm32.11.3.rel1.win32_1.1.0.202305231506/tools/bin/../lib/gcc/arm-none-eabi/11.3.1/../../../../arm-none-eabi/lib/thumb/v7e-m+dp/hard\libc_nano.a(libc_a-exit.o) (__stdio_exit_handler)
C:/ST/STM32CubeIDE_1.8.0/STM32CubeIDE/plugins/com.st.stm32cube.ide.mcu.externaltools.gnu-tools-for-stm32.11.3.rel1.win32_1.1.0.202305231506/tools/bin/../lib/gcc/arm-none-eabi/11.3.1/../../../../arm-none-eabi/lib/thumb/v7e-m+dp/hard\libc_nano.a(libc_a-fwalk.o)
                              C:/ST/STM32CubeIDE_1.8.0/STM32CubeIDE/plugins/com.st.stm32cube.ide.mcu.externaltools.gnu-tools-for-stm32.11.3.rel1.win32_1.1.0.202305231506/tools/bin/../lib/gcc/arm-none-eabi/11.3.1/../../../../arm-none-eabi/lib/thumb/v7e-m+dp/hard\libc_nano.a(libc_a-findfp.o) (_fwalk_sglue)
C:/ST/STM32CubeIDE_1.8.0/STM32CubeIDE/plugins/com.st.stm32cube.ide.mcu.externaltools.gnu-tools-for-stm32.11.3.rel1.win32_1.1.0.202305231506/tools/bin/../lib/gcc/arm-none-eabi/11.3.1/../../../../arm-none-eabi/lib/thumb/v7e-m+dp/hard\libc_nano.a(libc_a-stdio.o)
                              C:/ST/STM32CubeIDE_1.8.0/STM32CubeIDE/plugins/com.st.stm32cube.ide.mcu.externaltools.gnu-tools-for-stm32.11.3.rel1.win32_1.1.0.202305231506/tools/bin/../lib/gcc/arm-none-eabi/11.3.1/../../../../arm-none-eabi/lib/thumb/v7e-m+dp/hard\libc_nano.a(libc_a-findfp.o) (__sread)
C:/ST/STM32CubeIDE_1.8.0/STM32CubeIDE/plugins/com.st.stm32cube.ide.mcu.externaltools.gnu-tools-for-stm32.11.3.rel1.win32_1.1.0.202305231506/tools/bin/../lib/gcc/arm-none-eabi/11.3.1/../../../../arm-none-eabi/lib/thumb/v7e-m+dp/hard\libc_nano.a(libc_a-memmove.o)
                              ./Core/Src/modules/lpf/lpf_i1.o (memmove)
C:/ST/STM32CubeIDE_1.8.0/STM32CubeIDE/plugins/com.st.stm32cube.ide.mcu.externaltools.gnu-tools-for-stm32.11.3.rel1.win32_1.1.0.202305231506/tools/bin/../lib/gcc/arm-none-eabi/11.3.1/../../../../arm-none-eabi/lib/thumb/v7e-m+dp/hard\libc_nano.a(libc_a-memset.o)
                              C:/ST/STM32CubeIDE_1.8.0/STM32CubeIDE/plugins/com.st.stm32cube.ide.mcu.externaltools.gnu-tools-for-stm32.11.3.rel1.win32_1.1.0.202305231506/tools/bin/../lib/gcc/arm-none-eabi/11.3.1/../../../../arm-none-eabi/lib/thumb/v7e-m+dp/hard/crt0.o (memset)
C:/ST/STM32CubeIDE_1.8.0/STM32CubeIDE/plugins/com.st.stm32cube.ide.mcu.externaltools.gnu-tools-for-stm32.11.3.rel1.win32_1.1.0.202305231506/tools/bin/../lib/gcc/arm-none-eabi/11.3.1/../../../../arm-none-eabi/lib/thumb/v7e-m+dp/hard\libc_nano.a(libc_a-localeconv.o)
                              C:/ST/STM32CubeIDE_1.8.0/STM32CubeIDE/plugins/com.st.stm32cube.ide.mcu.externaltools.gnu-tools-for-stm32.11.3.rel1.win32_1.1.0.202305231506/tools/bin/../lib/gcc/arm-none-eabi/11.3.1/../../../../arm-none-eabi/lib/thumb/v7e-m+dp/hard\libc_nano.a(libc_a-nano-vfprintf_float.o) (_localeconv_r)
C:/ST/STM32CubeIDE_1.8.0/STM32CubeIDE/plugins/com.st.stm32cube.ide.mcu.externaltools.gnu-tools-for-stm32.11.3.rel1.win32_1.1.0.202305231506/tools/bin/../lib/gcc/arm-none-eabi/11.3.1/../../../../arm-none-eabi/lib/thumb/v7e-m+dp/hard\libc_nano.a(libc_a-closer.o)
[...]
Memory Configuration

Name             Origin             Length             Attributes
FLASH            0x0000000008000000 0x0000000000200000 xr
DTCMRAM          0x0000000020000000 0x0000000000020000 xrw
RAM_D1           0x0000000024000000 0x0000000000080000 xrw
RAM_D2           0x0000000030000000 0x0000000000048000 xrw
RAM_D3           0x0000000038000000 0x0000000000010000 xrw
ITCMRAM          0x0000000000000000 0x0000000000010000 xrw
*default*        0x0000000000000000 0xffffffffffffffff

Linker script and memory map

LOAD C:/ST/STM32CubeIDE_1.8.0/STM32CubeIDE/plugins/com.st.stm32cube.ide.mcu.externaltools.gnu-tools-for-stm32.11.3.rel1.win32_1.1.0.202305231506/tools/bin/../lib/gcc/arm-none-eabi/11.3.1/thumb/v7e-m+dp/hard/crti.o
LOAD C:/ST/STM32CubeIDE_1.8.0/STM32CubeIDE/plugins/com.st.stm32cube.ide.mcu.externaltools.gnu-tools-for-stm32.11.3.rel1.win32_1.1.0.202305231506/tools/bin/../lib/gcc/arm-none-eabi/11.3.1/thumb/v7e-m+dp/hard/crtbegin.o
LOAD C:/ST/STM32CubeIDE_1.8.0/STM32CubeIDE/plugins/com.st.stm32cube.ide.mcu.externaltools.gnu-tools-for-stm32.11.3.rel1.win32_1.1.0.202305231506/tools/bin/../lib/gcc/arm-none-eabi/11.3.1/../../../../arm-none-eabi/lib/thumb/v7e-m+dp/hard/crt0.o
LOAD ./Core/Src/app/app.o
LOAD ./Core/Src/main.o
LOAD ./Core/Src/stm32h7xx_hal_msp.o
LOAD ./Core/Src/stm32h7xx_it.o
LOAD ./Core/Src/syscalls.o
LOAD ./Core/Src/sysmem.o
LOAD ./Core/Src/system_stm32h7xx.o
LOAD ./Core/Src/modules/adc.o
LOAD ./Core/Src/modules/dac.o
LOAD ./Core/Src/modules/serial.o
LOAD ./Core/Src/modules/timer.o
LOAD ./Core/Src/modules/cr2/cr2_code.o
LOAD ./Core/Src/modules/cr2/cr2_code_data.o
LOAD ./Core/Src/modules/cr2/cr2_code_initialize.o
LOAD ./Core/Src/modules/cr2/cr2_code_terminate.o
LOAD ./Core/Src/modules/ismc/ismc_code.o
LOAD ./Core/Src/modules/ismc/ismc_code_data.o
LOAD ./Core/Src/modules/ismc/ismc_code_initialize.o
LOAD ./Core/Src/modules/ismc/ismc_code_terminate.o
LOAD ./Core/Src/modules/lpf/lpf_i1.o
LOAD ./Core/Src/modules/lpf/lpf_i1_initialize.o
LOAD ./Core/Src/modules/lpf/lpf_i1_terminate.o
LOAD ./Core/Src/modules/lpf/lpf_i2.o
LOAD ./Core/Src/modules/lpf/lpf_i2_initialize.o
LOAD ./Core/Src/modules/lpf/lpf_i2_terminate.o
LOAD ./Core/Src/modules/lpf/lpf_i3.o
LOAD ./Core/Src/modules/lpf/lpf_i3_initialize.o
LOAD ./Core/Src/modules/lpf/lpf_i3_terminate.o
LOAD ./Core/Src/modules/lpf/lpf_o1.o
LOAD ./Core/Src/modules/lpf/lpf_o1_initialize.o
LOAD ./Core/Src/modules/lpf/lpf_o1_terminate.o
LOAD ./Core/Src/modules/pid/pid_code.o
LOAD ./Core/Src/modules/pid/pid_code_data.o
LOAD ./Core/Src/modules/pid/pid_code_initialize.o
LOAD ./Core/Src/modules/pid/pid_code_terminate.o
LOAD ./Core/Src/modules/types/rtGetInf.o
LOAD ./Core/Src/modules/types/rtGetNaN.o
LOAD ./Core/Src/modules/types/rt_nonfinite.o
LOAD ./Core/Startup/startup_stm32h753zitx.o
LOAD ./Drivers/STM32H7xx_HAL_Driver/Src/stm32h7xx_hal.o
LOAD ./Drivers/STM32H7xx_HAL_Driver/Src/stm32h7xx_hal_adc.o
LOAD ./Drivers/STM32H7xx_HAL_Driver/Src/stm32h7xx_hal_adc_ex.o
LOAD ./Drivers/STM32H7xx_HAL_Driver/Src/stm32h7xx_hal_cortex.o
LOAD ./Drivers/STM32H7xx_HAL_Driver/Src/stm32h7xx_hal_dac.o
LOAD ./Drivers/STM32H7xx_HAL_Driver/Src/stm32h7xx_hal_dac_ex.o
LOAD ./Drivers/STM32H7xx_HAL_Driver/Src/stm32h7xx_hal_dma.o
LOAD ./Drivers/STM32H7xx_HAL_Driver/Src/stm32h7xx_hal_dma_ex.o
LOAD ./Drivers/STM32H7xx_HAL_Driver/Src/stm32h7xx_hal_eth.o
LOAD ./Drivers/STM32H7xx_HAL_Driver/Src/stm32h7xx_hal_eth_ex.o
LOAD ./Drivers/STM32H7xx_HAL_Driver/Src/stm32h7xx_hal_exti.o
LOAD ./Drivers/STM32H7xx_HAL_Driver/Src/stm32h7xx_hal_flash.o
LOAD ./Drivers/STM32H7xx_HAL_Driver/Src/stm32h7xx_hal_flash_ex.o
LOAD ./Drivers/STM32H7xx_HAL_Driver/Src/stm32h7xx_hal_gpio.o
LOAD ./Drivers/STM32H7xx_HAL_Driver/Src/stm32h7xx_hal_hsem.o
LOAD ./Drivers/STM32H7xx_HAL_Driver/Src/stm32h7xx_hal_i2c.o
LOAD ./Drivers/STM32H7xx_HAL_Driver/Src/stm32h7xx_hal_i2c_ex.o
LOAD ./Drivers/STM32H7xx_HAL_Driver/Src/stm32h7xx_hal_mdma.o
LOAD ./Drivers/STM32H7xx_HAL_Driver/Src/stm32h7xx_hal_pcd.o
LOAD ./Drivers/STM32H7xx_HAL_Driver/Src/stm32h7xx_hal_pcd_ex.o
LOAD ./Drivers/STM32H7xx_HAL_Driver/Src/stm32h7xx_hal_pwr.o
LOAD ./Drivers/STM32H7xx_HAL_Driver/Src/stm32h7xx_hal_pwr_ex.o
LOAD ./Drivers/STM32H7xx_HAL_Driver/Src/stm32h7xx_hal_rcc.o
LOAD ./Drivers/STM32H7xx_HAL_Driver/Src/stm32h7xx_hal_rcc_ex.o
LOAD ./Drivers/STM32H7xx_HAL_Driver/Src/stm32h7xx_hal_tim.o
LOAD ./Drivers/STM32H7xx_HAL_Driver/Src/stm32h7xx_hal_tim_ex.o
LOAD ./Drivers/STM32H7xx_HAL_Driver/Src/stm32h7xx_hal_uart.o
LOAD ./Drivers/STM32H7xx_HAL_Driver/Src/stm32h7xx_hal_uart_ex.o
LOAD ./Drivers/STM32H7xx_HAL_Driver/Src/stm32h7xx_ll_usb.o
START GROUP
LOAD C:/ST/STM32CubeIDE_1.8.0/STM32CubeIDE/plugins/com.st.stm32cube.ide.mcu.externaltools.gnu-tools-for-stm32.11.3.rel1.win32_1.1.0.202305231506/tools/bin/../lib/gcc/arm-none-eabi/11.3.1/../../../../arm-none-eabi/lib/thumb/v7e-m+dp/hard\libc_nano.a
LOAD C:/ST/STM32CubeIDE_1.8.0/STM32CubeIDE/plugins/com.st.stm32cube.ide.mcu.externaltools.gnu-tools-for-stm32.11.3.rel1.win32_1.1.0.202305231506/tools/bin/../lib/gcc/arm-none-eabi/11.3.1/../../../../arm-none-eabi/lib/thumb/v7e-m+dp/hard\libm.a
END GROUP
START GROUP
LOAD C:/ST/STM32CubeIDE_1.8.0/STM32CubeIDE/plugins/com.st.stm32cube.ide.mcu.externaltools.gnu-tools-for-stm32.11.3.rel1.win32_1.1.0.202305231506/tools/bin/../lib/gcc/arm-none-eabi/11.3.1/thumb/v7e-m+dp/hard\libgcc.a
LOAD C:/ST/STM32CubeIDE_1.8.0/STM32CubeIDE/plugins/com.st.stm32cube.ide.mcu.externaltools.gnu-tools-for-stm32.11.3.rel1.win32_1.1.0.202305231506/tools/bin/../lib/gcc/arm-none-eabi/11.3.1/../../../../arm-none-eabi/lib/thumb/v7e-m+dp/hard\libc_nano.a
END GROUP
START GROUP
LOAD C:/ST/STM32CubeIDE_1.8.0/STM32CubeIDE/plugins/com.st.stm32cube.ide.mcu.externaltools.gnu-tools-for-stm32.11.3.rel1.win32_1.1.0.202305231506/tools/bin/../lib/gcc/arm-none-eabi/11.3.1/thumb/v7e-m+dp/hard\libgcc.a
LOAD C:/ST/STM32CubeIDE_1.8.0/STM32CubeIDE/plugins/com.st.stm32cube.ide.mcu.externaltools.gnu-tools-for-stm32.11.3.rel1.win32_1.1.0.202305231506/tools/bin/../lib/gcc/arm-none-eabi/11.3.1/../../../../arm-none-eabi/lib/thumb/v7e-m+dp/hard\libc_nano.a
LOAD C:/ST/STM32CubeIDE_1.8.0/STM32CubeIDE/plugins/com.st.stm32cube.ide.mcu.externaltools.gnu-tools-for-stm32.11.3.rel1.win32_1.1.0.202305231506/tools/bin/../lib/gcc/arm-none-eabi/11.3.1/../../../../arm-none-eabi/lib/thumb/v7e-m+dp/hard\libnosys.a
END GROUP
START GROUP
LOAD C:/ST/STM32CubeIDE_1.8.0/STM32CubeIDE/plugins/com.st.stm32cube.ide.mcu.externaltools.gnu-tools-for-stm32.11.3.rel1.win32_1.1.0.202305231506/tools/bin/../lib/gcc/arm-none-eabi/11.3.1/thumb/v7e-m+dp/hard\libgcc.a
LOAD C:/ST/STM32CubeIDE_1.8.0/STM32CubeIDE/plugins/com.st.stm32cube.ide.mcu.externaltools.gnu-tools-for-stm32.11.3.rel1.win32_1.1.0.202305231506/tools/bin/../lib/gcc/arm-none-eabi/11.3.1/../../../../arm-none-eabi/lib/thumb/v7e-m+dp/hard\libc_nano.a
LOAD C:/ST/STM32CubeIDE_1.8.0/STM32CubeIDE/plugins/com.st.stm32cube.ide.mcu.externaltools.gnu-tools-for-stm32.11.3.rel1.win32_1.1.0.202305231506/tools/bin/../lib/gcc/arm-none-eabi/11.3.1/../../../../arm-none-eabi/lib/thumb/v7e-m+dp/hard\libnosys.a
END GROUP
LOAD C:/ST/STM32CubeIDE_1.8.0/STM32CubeIDE/plugins/com.st.stm32cube.ide.mcu.externaltools.gnu-tools-for-stm32.11.3.rel1.win32_1.1.0.202305231506/tools/bin/../lib/gcc/arm-none-eabi/11.3.1/thumb/v7e-m+dp/hard/crtend.o
LOAD C:/ST/STM32CubeIDE_1.8.0/STM32CubeIDE/plugins/com.st.stm32cube.ide.mcu.externaltools.gnu-tools-for-stm32.11.3.rel1.win32_1.1.0.202305231506/tools/bin/../lib/gcc/arm-none-eabi/11.3.1/thumb/v7e-m+dp/hard/crtn.o
                0x0000000024080000                _estack = (ORIGIN (RAM_D1) + LENGTH (RAM_D1))
                0x0000000000000200                _Min_Heap_Size = 0x200
                0x0000000000000400                _Min_Stack_Size = 0x400

.isr_vector     0x0000000008000000      0x298
                0x0000000008000000                . = ALIGN (0x4)
 *(.isr_vector)
 .isr_vector    0x0000000008000000      0x298 ./Core/Startup/startup_stm32h753zitx.o
                0x0000000008000000                g_pfnVectors
                0x0000000008000298                . = ALIGN (0x4)

.text           0x00000000080002a0     0x9a64
                0x00000000080002a0                . = ALIGN (0x4)
 *(.text)
 .text          0x00000000080002a0       0x40 C:/ST/STM32CubeIDE_1.8.0/STM32CubeIDE/plugins/com.st.stm32cube.ide.mcu.externaltools.gnu-tools-for-stm32.11.3.rel1.win32_1.1.0.202305231506/tools/bin/../lib/gcc/arm-none-eabi/11.3.1/thumb/v7e-m+dp/hard/crtbegin.o
 .text          0x00000000080002e0       0xa0 C:/ST/STM32CubeIDE_1.8.0/STM32CubeIDE/plugins/com.st.stm32cube.ide.mcu.externaltools.gnu-tools-for-stm32.11.3.rel1.win32_1.1.0.202305231506/tools/bin/../lib/gcc/arm-none-eabi/11.3.1/../../../../arm-none-eabi/lib/thumb/v7e-m+dp/hard\libc_nano.a(libc_a-memchr.o)
                0x00000000080002e0                memchr
 .text          0x0000000008000380       0x10 C:/ST/STM32CubeIDE_1.8.0/STM32CubeIDE/plugins/com.st.stm32cube.ide.mcu.externaltools.gnu-tools-for-stm32.11.3.rel1.win32_1.1.0.202305231506/tools/bin/../lib/gcc/arm-none-eabi/11.3.1/../../../../arm-none-eabi/lib/thumb/v7e-m+dp/hard\libc_nano.a(libc_a-strlen.o)
                0x0000000008000380                strlen
 .text          0x0000000008000390       0x30 C:/ST/STM32CubeIDE_1.8.0/STM32CubeIDE/plugins/com.st.stm32cube.ide.mcu.externaltools.gnu-tools-for-stm32.11.3.rel1.win32_1.1.0.202305231506/tools/bin/../lib/gcc/arm-none-eabi/11.3.1/thumb/v7e-m+dp/hard\libgcc.a(_aeabi_uldivmod.o)
                0x0000000008000390                __aeabi_uldivmod
 .text          0x00000000080003c0      0x2c8 C:/ST/STM32CubeIDE_1.8.0/STM32CubeIDE/plugins/com.st.stm32cube.ide.mcu.externaltools.gnu-tools-for-stm32.11.3.rel1.win32_1.1.0.202305231506/tools/bin/../lib/gcc/arm-none-eabi/11.3.1/thumb/v7e-m+dp/hard\libgcc.a(_udivmoddi4.o)
                0x00000000080003c0                __udivmoddi4
 .text          0x0000000008000688        0x4 C:/ST/STM32CubeIDE_1.8.0/STM32CubeIDE/plugins/com.st.stm32cube.ide.mcu.externaltools.gnu-tools-for-stm32.11.3.rel1.win32_1.1.0.202305231506/tools/bin/../lib/gcc/arm-none-eabi/11.3.1/thumb/v7e-m+dp/hard\libgcc.a(_dvmd_tls.o)
                0x0000000008000688                __aeabi_idiv0
                0x0000000008000688                __aeabi_ldiv0
 *(.text*)
 .text.sm_pid   0x000000000800068c       0x6c ./Core/Src/app/app.o
 .text.sm_cr2   0x00000000080006f8       0x6c ./Core/Src/app/app.o
 .text.sm_ismc  0x0000000008000764       0x6c ./Core/Src/app/app.o
 .text.app_setup
                0x00000000080007d0       0x68 ./Core/Src/app/app.o
                0x00000000080007d0                app_setup
 .text.app_loop
                0x0000000008000838      0x274 ./Core/Src/app/app.o
                0x0000000008000838                app_loop
 .text.SystemClock_Config
                0x0000000008000aac       0xa0 ./Core/Src/main.o
                0x0000000008000aac                SystemClock_Config
 .text.PeriphCommonClock_Config
                0x0000000008000b4c       0x30 ./Core/Src/main.o
                0x0000000008000b4c                PeriphCommonClock_Config
 .text.startup.main
                0x0000000008000b7c      0x470 ./Core/Src/main.o
                0x0000000008000b7c                main
 .text.Error_Handler
                0x0000000008000fec        0x4 ./Core/Src/main.o
                0x0000000008000fec                Error_Handler
 .text.HAL_MspInit
                0x0000000008000ff0       0x50 ./Core/Src/stm32h7xx_hal_msp.o
                0x0000000008000ff0                HAL_MspInit
 .text.HAL_ADC_MspInit
                0x0000000008001040      0x124 ./Core/Src/stm32h7xx_hal_msp.o
                0x0000000008001040                HAL_ADC_MspInit
 .text.HAL_DAC_MspInit
                0x0000000008001164       0x6c ./Core/Src/stm32h7xx_hal_msp.o
                0x0000000008001164                HAL_DAC_MspInit
 .text.HAL_ETH_MspInit
                0x00000000080011d0      0x134 ./Core/Src/stm32h7xx_hal_msp.o
                0x00000000080011d0                HAL_ETH_MspInit
 .text.HAL_TIM_Base_MspInit
                0x0000000008001304       0x48 ./Core/Src/stm32h7xx_hal_msp.o
                0x0000000008001304                HAL_TIM_Base_MspInit
 .text.HAL_UART_MspInit
                0x000000000800134c       0xa4 ./Core/Src/stm32h7xx_hal_msp.o
                0x000000000800134c                HAL_UART_MspInit
 .text.HAL_PCD_MspInit
                0x00000000080013f0       0xb4 ./Core/Src/stm32h7xx_hal_msp.o
                0x00000000080013f0                HAL_PCD_MspInit
 .text.NMI_Handler
                0x00000000080014a4        0x2 ./Core/Src/stm32h7xx_it.o
                0x00000000080014a4                NMI_Handler
 .text.HardFault_Handler
                0x00000000080014a6        0x2 ./Core/Src/stm32h7xx_it.o
                0x00000000080014a6                HardFault_Handler
 .text.MemManage_Handler
                0x00000000080014a8        0x2 ./Core/Src/stm32h7xx_it.o
                0x00000000080014a8                MemManage_Handler
 .text.BusFault_Handler
                0x00000000080014aa        0x2 ./Core/Src/stm32h7xx_it.o
                0x00000000080014aa                BusFault_Handler
 .text.UsageFault_Handler
                0x00000000080014ac        0x2 ./Core/Src/stm32h7xx_it.o
                0x00000000080014ac                UsageFault_Handler
 .text.SVC_Handler
                0x00000000080014ae        0x2 ./Core/Src/stm32h7xx_it.o
                0x00000000080014ae                SVC_Handler
 .text.DebugMon_Handler
                0x00000000080014b0        0x2 ./Core/Src/stm32h7xx_it.o
                0x00000000080014b0                DebugMon_Handler
 .text.PendSV_Handler
                0x00000000080014b2        0x2 ./Core/Src/stm32h7xx_it.o
                0x00000000080014b2                PendSV_Handler
 .text.SysTick_Handler
                0x00000000080014b4        0x4 ./Core/Src/stm32h7xx_it.o
                0x00000000080014b4                SysTick_Handler
 .text.ADC_IRQHandler
                0x00000000080014b8       0x14 ./Core/Src/stm32h7xx_it.o
                0x00000000080014b8                ADC_IRQHandler
 .text.TIM1_UP_IRQHandler
                0x00000000080014cc       0x14 ./Core/Src/stm32h7xx_it.o
                0x00000000080014cc                TIM1_UP_IRQHandler
 .text.USART3_IRQHandler
                0x00000000080014e0        0xc ./Core/Src/stm32h7xx_it.o
                0x00000000080014e0                USART3_IRQHandler
 .text._getpid  0x00000000080014ec        0x4 ./Core/Src/syscalls.o
                0x00000000080014ec                _getpid
 .text._kill    0x00000000080014f0       0x10 ./Core/Src/syscalls.o
                0x00000000080014f0                _kill
 .text._exit    0x0000000008001500        0xc ./Core/Src/syscalls.o
                0x0000000008001500                _exit
 .text._read    0x000000000800150c       0x1c ./Core/Src/syscalls.o
                0x000000000800150c                _read
 .text._write   0x0000000008001528       0x1c ./Core/Src/syscalls.o
                0x0000000008001528                _write
 .text._close   0x0000000008001544        0x6 ./Core/Src/syscalls.o
                0x0000000008001544                _close
 .text._fstat   0x000000000800154a        0xa ./Core/Src/syscalls.o
                0x000000000800154a                _fstat
 .text._isatty  0x0000000008001554        0x4 ./Core/Src/syscalls.o
                0x0000000008001554                _isatty
 .text._lseek   0x0000000008001558        0x4 ./Core/Src/syscalls.o
                0x0000000008001558                _lseek
 .text._sbrk    0x000000000800155c       0x40 ./Core/Src/sysmem.o
                0x000000000800155c                _sbrk
 .text.SystemInit
                0x000000000800159c       0xc0 ./Core/Src/system_stm32h7xx.o
                0x000000000800159c                SystemInit
 .text.adc_init
                0x000000000800165c       0x34 ./Core/Src/modules/adc.o
                0x000000000800165c                adc_init
 .text.adc_handler
                0x0000000008001690       0x50 ./Core/Src/modules/adc.o
                0x0000000008001690                adc_handler
 .text.adc_get_values
                0x00000000080016e0       0x14 ./Core/Src/modules/adc.o
                0x00000000080016e0                adc_get_values
 *fill*         0x00000000080016f4        0x4 
 .text.adc_to_voltage
                0x00000000080016f8       0x28 ./Core/Src/modules/adc.o
                0x00000000080016f8                adc_to_voltage
 .text.dac_init
                0x0000000008001720       0x20 ./Core/Src/modules/dac.o
                0x0000000008001720                dac_init
 .text.dac_set_value
                0x0000000008001740       0x18 ./Core/Src/modules/dac.o
                0x0000000008001740                dac_set_value
 .text.dac_voltage_to_unities
                0x0000000008001758       0x38 ./Core/Src/modules/dac.o
                0x0000000008001758                dac_voltage_to_unities
 .text.timer_init
                0x0000000008001790       0x24 ./Core/Src/modules/timer.o
                0x0000000008001790                timer_init
 .text.timer_counting_bases
                0x00000000080017b4       0x64 ./Core/Src/modules/timer.o
                0x00000000080017b4                timer_counting_bases
 .text.cr2_code
                0x0000000008001818       0xf0 ./Core/Src/modules/cr2/cr2_code.o
                0x0000000008001818                cr2_code
 .text.cr2_code_init
                0x0000000008001908       0x24 ./Core/Src/modules/cr2/cr2_code.o
                0x0000000008001908                cr2_code_init
 .text.cr2_code_initialize
                0x000000000800192c       0x20 ./Core/Src/modules/cr2/cr2_code_initialize.o
                0x000000000800192c                cr2_code_initialize
 .text.cr2_code_terminate
                0x000000000800194c        0x2 ./Core/Src/modules/cr2/cr2_code_terminate.o
                0x000000000800194c                cr2_code_terminate
 *fill*         0x000000000800194e        0x2 
 .text.ismc_code
                0x0000000008001950      0x2b8 ./Core/Src/modules/ismc/ismc_code.o
                0x0000000008001950                ismc_code
 .text.ismc_code_initialize
                0x0000000008001c08       0x60 ./Core/Src/modules/ismc/ismc_code_initialize.o
                0x0000000008001c08                ismc_code_initialize
 .text.ismc_code_terminate
                0x0000000008001c68        0x2 ./Core/Src/modules/ismc/ismc_code_terminate.o
                0x0000000008001c68                ismc_code_terminate
 *fill*         0x0000000008001c6a        0x2 
 .text.Hd_not_empty_init_i1
                0x0000000008001c6c        0xc ./Core/Src/modules/lpf/lpf_i1.o
                0x0000000008001c6c                Hd_not_empty_init_i1
 .text.lpf_i1_initialize
                0x0000000008001c78       0x10 ./Core/Src/modules/lpf/lpf_i1_initialize.o
                0x0000000008001c78                lpf_i1_initialize
 .text.Hd_not_empty_init_i2
                0x0000000008001c88        0xc ./Core/Src/modules/lpf/lpf_i2.o
                0x0000000008001c88                Hd_not_empty_init_i2
 .text.lpf_i2_initialize
                0x0000000008001c94       0x10 ./Core/Src/modules/lpf/lpf_i2_initialize.o
                0x0000000008001c94                lpf_i2_initialize
 .text.Hd_not_empty_init_i3
                0x0000000008001ca4        0xc ./Core/Src/modules/lpf/lpf_i3.o
                0x0000000008001ca4                Hd_not_empty_init_i3
 .text.lpf_i3_initialize
                0x0000000008001cb0       0x10 ./Core/Src/modules/lpf/lpf_i3_initialize.o
                0x0000000008001cb0                lpf_i3_initialize
 .text.Hd_not_empty_init
                0x0000000008001cc0        0xc ./Core/Src/modules/lpf/lpf_o1.o
                0x0000000008001cc0                Hd_not_empty_init
 .text.lpf_o1_initialize
                0x0000000008001ccc       0x10 ./Core/Src/modules/lpf/lpf_o1_initialize.o
                0x0000000008001ccc                lpf_o1_initialize
 *fill*         0x0000000008001cdc        0x4 
 .text.pid_code
                0x0000000008001ce0      0x118 ./Core/Src/modules/pid/pid_code.o
                0x0000000008001ce0                pid_code
 .text.pid_code_initialize
                0x0000000008001df8       0x38 ./Core/Src/modules/pid/pid_code_initialize.o
                0x0000000008001df8                pid_code_initialize
 .text.pid_code_terminate
                0x0000000008001e30        0x2 ./Core/Src/modules/pid/pid_code_terminate.o
                0x0000000008001e30                pid_code_terminate
 *fill*         0x0000000008001e32        0x6 
 .text.rtGetInf
                0x0000000008001e38       0x10 ./Core/Src/modules/types/rtGetInf.o
                0x0000000008001e38                rtGetInf
 .text.rtGetInfF
                0x0000000008001e48        0xc ./Core/Src/modules/types/rtGetInf.o
                0x0000000008001e48                rtGetInfF
 *fill*         0x0000000008001e54        0x4 
 .text.rtGetMinusInf
                0x0000000008001e58       0x10 ./Core/Src/modules/types/rtGetInf.o
                0x0000000008001e58                rtGetMinusInf
 .text.rtGetMinusInfF
                0x0000000008001e68        0xc ./Core/Src/modules/types/rtGetInf.o
                0x0000000008001e68                rtGetMinusInfF
 *fill*         0x0000000008001e74        0x4 
 .text.rtGetNaN
                0x0000000008001e78       0x10 ./Core/Src/modules/types/rtGetNaN.o
                0x0000000008001e78                rtGetNaN
 .text.rtGetNaNF
                0x0000000008001e88        0xc ./Core/Src/modules/types/rtGetNaN.o
                0x0000000008001e88                rtGetNaNF
 .text.rt_InitInfAndNaN
                0x0000000008001e94       0x58 ./Core/Src/modules/types/rt_nonfinite.o
                0x0000000008001e94                rt_InitInfAndNaN
 .text.Reset_Handler
                0x0000000008001eec       0x50 ./Core/Startup/startup_stm32h753zitx.o
                0x0000000008001eec                Reset_Handler
 .text.Default_Handler
                0x0000000008001f3c        0x2 ./Core/Startup/startup_stm32h753zitx.o
                0x0000000008001f3c                RTC_Alarm_IRQHandler
                0x0000000008001f3c                HASH_RNG_IRQHandler
                0x0000000008001f3c                EXTI2_IRQHandler
                0x0000000008001f3c                TIM8_CC_IRQHandler
                0x0000000008001f3c                HRTIM1_Master_IRQHandler
                0x0000000008001f3c                UART8_IRQHandler
                0x0000000008001f3c                SPI4_IRQHandler
                0x0000000008001f3c                TIM1_CC_IRQHandler
                0x0000000008001f3c                BDMA_Channel6_IRQHandler
                0x0000000008001f3c                DMA2_Stream5_IRQHandler
                0x0000000008001f3c                HRTIM1_FLT_IRQHandler
                0x0000000008001f3c                JPEG_IRQHandler
                0x0000000008001f3c                DMA1_Stream5_IRQHandler
                0x0000000008001f3c                BDMA_Channel1_IRQHandler
                0x0000000008001f3c                HRTIM1_TIMD_IRQHandler
                0x0000000008001f3c                TAMP_STAMP_IRQHandler
                0x0000000008001f3c                EXTI3_IRQHandler
                0x0000000008001f3c                LPTIM4_IRQHandler
                0x0000000008001f3c                TIM8_TRG_COM_TIM14_IRQHandler
                0x0000000008001f3c                LPTIM2_IRQHandler
                0x0000000008001f3c                DFSDM1_FLT1_IRQHandler
                0x0000000008001f3c                DMAMUX2_OVR_IRQHandler
                0x0000000008001f3c                TIM8_UP_TIM13_IRQHandler
                0x0000000008001f3c                I2C3_ER_IRQHandler
                0x0000000008001f3c                DFSDM1_FLT2_IRQHandler
                0x0000000008001f3c                MDMA_IRQHandler
                0x0000000008001f3c                LPTIM3_IRQHandler
                0x0000000008001f3c                HSEM1_IRQHandler
                0x0000000008001f3c                EXTI0_IRQHandler
                0x0000000008001f3c                I2C2_EV_IRQHandler
                0x0000000008001f3c                DMA1_Stream2_IRQHandler
                0x0000000008001f3c                FPU_IRQHandler
                0x0000000008001f3c                OTG_HS_WKUP_IRQHandler
                0x0000000008001f3c                FDCAN1_IT1_IRQHandler
                0x0000000008001f3c                LTDC_ER_IRQHandler
                0x0000000008001f3c                DMA2_Stream2_IRQHandler
                0x0000000008001f3c                HRTIM1_TIME_IRQHandler
                0x0000000008001f3c                SPI1_IRQHandler
                0x0000000008001f3c                TIM6_DAC_IRQHandler
                0x0000000008001f3c                DCMI_IRQHandler
                0x0000000008001f3c                HRTIM1_TIMC_IRQHandler
                0x0000000008001f3c                DMA2_Stream3_IRQHandler
                0x0000000008001f3c                SAI2_IRQHandler
                0x0000000008001f3c                DFSDM1_FLT3_IRQHandler
                0x0000000008001f3c                USART6_IRQHandler
                0x0000000008001f3c                TIM17_IRQHandler
                0x0000000008001f3c                BDMA_Channel7_IRQHandler
                0x0000000008001f3c                CRYP_IRQHandler
                0x0000000008001f3c                LPTIM5_IRQHandler
                0x0000000008001f3c                UART5_IRQHandler
                0x0000000008001f3c                ADC3_IRQHandler
                0x0000000008001f3c                DMA2_Stream0_IRQHandler
                0x0000000008001f3c                TIM4_IRQHandler
                0x0000000008001f3c                BDMA_Channel2_IRQHandler
                0x0000000008001f3c                QUADSPI_IRQHandler
                0x0000000008001f3c                I2C1_EV_IRQHandler
                0x0000000008001f3c                DMA1_Stream6_IRQHandler
                0x0000000008001f3c                DMAMUX1_OVR_IRQHandler
                0x0000000008001f3c                DMA1_Stream1_IRQHandler
                0x0000000008001f3c                TIM16_IRQHandler
                0x0000000008001f3c                UART4_IRQHandler
                0x0000000008001f3c                BDMA_Channel5_IRQHandler
                0x0000000008001f3c                TIM3_IRQHandler
                0x0000000008001f3c                RCC_IRQHandler
                0x0000000008001f3c                TIM8_BRK_TIM12_IRQHandler
                0x0000000008001f3c                TIM1_TRG_COM_IRQHandler
                0x0000000008001f3c                Default_Handler
                0x0000000008001f3c                ECC_IRQHandler
                0x0000000008001f3c                CEC_IRQHandler
                0x0000000008001f3c                EXTI15_10_IRQHandler
                0x0000000008001f3c                BDMA_Channel0_IRQHandler
                0x0000000008001f3c                DMA1_Stream7_IRQHandler
                0x0000000008001f3c                HRTIM1_TIMA_IRQHandler
                0x0000000008001f3c                SPI5_IRQHandler
                0x0000000008001f3c                TIM7_IRQHandler
                0x0000000008001f3c                SDMMC1_IRQHandler
                0x0000000008001f3c                TIM5_IRQHandler
                0x0000000008001f3c                DMA2_Stream7_IRQHandler
                0x0000000008001f3c                TIM15_IRQHandler
                0x0000000008001f3c                PVD_AVD_IRQHandler
                0x0000000008001f3c                I2C3_EV_IRQHandler
                0x0000000008001f3c                EXTI9_5_IRQHandler
                0x0000000008001f3c                RTC_WKUP_IRQHandler
                0x0000000008001f3c                LTDC_IRQHandler
                0x0000000008001f3c                SAI3_IRQHandler
                0x0000000008001f3c                ETH_WKUP_IRQHandler
                0x0000000008001f3c                SPDIF_RX_IRQHandler
                0x0000000008001f3c                SPI2_IRQHandler
                0x0000000008001f3c                OTG_HS_EP1_IN_IRQHandler
                0x0000000008001f3c                DMA1_Stream0_IRQHandler
                0x0000000008001f3c                CRS_IRQHandler
                0x0000000008001f3c                EXTI4_IRQHandler
                0x0000000008001f3c                HRTIM1_TIMB_IRQHandler
                0x0000000008001f3c                FDCAN2_IT1_IRQHandler
                0x0000000008001f3c                ETH_IRQHandler
                0x0000000008001f3c                BDMA_Channel4_IRQHandler
                0x0000000008001f3c                OTG_HS_EP1_OUT_IRQHandler
                0x0000000008001f3c                WWDG_IRQHandler
                0x0000000008001f3c                SPI6_IRQHandler
                0x0000000008001f3c                MDIOS_IRQHandler
                0x0000000008001f3c                I2C4_EV_IRQHandler
                0x0000000008001f3c                FDCAN2_IT0_IRQHandler
                0x0000000008001f3c                LPUART1_IRQHandler
                0x0000000008001f3c                FDCAN1_IT0_IRQHandler
                0x0000000008001f3c                TIM2_IRQHandler
                0x0000000008001f3c                OTG_FS_WKUP_IRQHandler
                0x0000000008001f3c                OTG_HS_IRQHandler
                0x0000000008001f3c                DMA2D_IRQHandler
                0x0000000008001f3c                TIM1_BRK_IRQHandler
                0x0000000008001f3c                EXTI1_IRQHandler
                0x0000000008001f3c                SDMMC2_IRQHandler
                0x0000000008001f3c                OTG_FS_EP1_OUT_IRQHandler
                0x0000000008001f3c                BDMA_Channel3_IRQHandler
                0x0000000008001f3c                UART7_IRQHandler
                0x0000000008001f3c                MDIOS_WKUP_IRQHandler
                0x0000000008001f3c                USART2_IRQHandler
                0x0000000008001f3c                DFSDM1_FLT0_IRQHandler
                0x0000000008001f3c                SAI4_IRQHandler
                0x0000000008001f3c                I2C2_ER_IRQHandler
                0x0000000008001f3c                DMA2_Stream1_IRQHandler
                0x0000000008001f3c                FLASH_IRQHandler
                0x0000000008001f3c                DMA2_Stream4_IRQHandler
                0x0000000008001f3c                USART1_IRQHandler
                0x0000000008001f3c                OTG_FS_IRQHandler
                0x0000000008001f3c                SPI3_IRQHandler
                0x0000000008001f3c                WAKEUP_PIN_IRQHandler
                0x0000000008001f3c                DMA1_Stream4_IRQHandler
                0x0000000008001f3c                OTG_FS_EP1_IN_IRQHandler
                0x0000000008001f3c                I2C1_ER_IRQHandler
                0x0000000008001f3c                FMC_IRQHandler
                0x0000000008001f3c                FDCAN_CAL_IRQHandler
                0x0000000008001f3c                SWPMI1_IRQHandler
                0x0000000008001f3c                COMP1_IRQHandler
                0x0000000008001f3c                LPTIM1_IRQHandler
                0x0000000008001f3c                I2C4_ER_IRQHandler
                0x0000000008001f3c                DMA2_Stream6_IRQHandler
                0x0000000008001f3c                SAI1_IRQHandler
                0x0000000008001f3c                DMA1_Stream3_IRQHandler
 *fill*         0x0000000008001f3e        0x2 
 .text.HAL_InitTick
                0x0000000008001f40       0x4c ./Drivers/STM32H7xx_HAL_Driver/Src/stm32h7xx_hal.o
                0x0000000008001f40                HAL_InitTick
 .text.HAL_Init
                0x0000000008001f8c       0x5c ./Drivers/STM32H7xx_HAL_Driver/Src/stm32h7xx_hal.o
                0x0000000008001f8c                HAL_Init
 .text.HAL_IncTick
                0x0000000008001fe8       0x18 ./Drivers/STM32H7xx_HAL_Driver/Src/stm32h7xx_hal.o
                0x0000000008001fe8                HAL_IncTick
 .text.HAL_GetTick
                0x0000000008002000        0xc ./Drivers/STM32H7xx_HAL_Driver/Src/stm32h7xx_hal.o
                0x0000000008002000                HAL_GetTick
 .text.HAL_Delay
                0x000000000800200c       0x24 ./Drivers/STM32H7xx_HAL_Driver/Src/stm32h7xx_hal.o
                0x000000000800200c                HAL_Delay
 .text.HAL_GetREVID
                0x0000000008002030        0xc ./Drivers/STM32H7xx_HAL_Driver/Src/stm32h7xx_hal.o
                0x0000000008002030                HAL_GetREVID
 .text.HAL_SYSCFG_VREFBUF_VoltageScalingConfig
                0x000000000800203c       0x14 ./Drivers/STM32H7xx_HAL_Driver/Src/stm32h7xx_hal.o
                0x000000000800203c                HAL_SYSCFG_VREFBUF_VoltageScalingConfig
 .text.HAL_SYSCFG_VREFBUF_HighImpedanceConfig
                0x0000000008002050       0x14 ./Drivers/STM32H7xx_HAL_Driver/Src/stm32h7xx_hal.o
                0x0000000008002050                HAL_SYSCFG_VREFBUF_HighImpedanceConfig
 .text.HAL_SYSCFG_EnableVREFBUF
                0x0000000008002064       0x30 ./Drivers/STM32H7xx_HAL_Driver/Src/stm32h7xx_hal.o
                0x0000000008002064                HAL_SYSCFG_EnableVREFBUF
 .text.HAL_SYSCFG_ETHInterfaceSelect
                0x0000000008002094       0x14 ./Drivers/STM32H7xx_HAL_Driver/Src/stm32h7xx_hal.o
                0x0000000008002094                HAL_SYSCFG_ETHInterfaceSelect
 .text.LL_ADC_SetChannelSamplingTime
                0x00000000080020a8       0x20 ./Drivers/STM32H7xx_HAL_Driver/Src/stm32h7xx_hal_adc.o
 .text.LL_ADC_IsEnabled
                0x00000000080020c8        0x8 ./Drivers/STM32H7xx_HAL_Driver/Src/stm32h7xx_hal_adc.o
 .text.LL_ADC_REG_IsConversionOngoing
                0x00000000080020d0        0x8 ./Drivers/STM32H7xx_HAL_Driver/Src/stm32h7xx_hal_adc.o
 .text.HAL_ADC_GetValue
                0x00000000080020d8        0x6 ./Drivers/STM32H7xx_HAL_Driver/Src/stm32h7xx_hal_adc.o
                0x00000000080020d8                HAL_ADC_GetValue
 .text.HAL_ADC_ConvCpltCallback
                0x00000000080020de        0x2 ./Drivers/STM32H7xx_HAL_Driver/Src/stm32h7xx_hal_adc.o
                0x00000000080020de                HAL_ADC_ConvCpltCallback
 .text.HAL_ADC_LevelOutOfWindowCallback
                0x00000000080020e0        0x2 ./Drivers/STM32H7xx_HAL_Driver/Src/stm32h7xx_hal_adc.o
                0x00000000080020e0                HAL_ADC_LevelOutOfWindowCallback
 .text.HAL_ADC_ErrorCallback
                0x00000000080020e2        0x2 ./Drivers/STM32H7xx_HAL_Driver/Src/stm32h7xx_hal_adc.o
                0x00000000080020e2                HAL_ADC_ErrorCallback
 .text.HAL_ADC_IRQHandler
                0x00000000080020e4      0x278 ./Drivers/STM32H7xx_HAL_Driver/Src/stm32h7xx_hal_adc.o
                0x00000000080020e4                HAL_ADC_IRQHandler
 .text.HAL_ADC_ConfigChannel
                0x000000000800235c      0x3a4 ./Drivers/STM32H7xx_HAL_Driver/Src/stm32h7xx_hal_adc.o
                0x000000000800235c                HAL_ADC_ConfigChannel
 .text.ADC_ConversionStop
                0x0000000008002700       0xcc ./Drivers/STM32H7xx_HAL_Driver/Src/stm32h7xx_hal_adc.o
                0x0000000008002700                ADC_ConversionStop
 .text.ADC_Enable
                0x00000000080027cc       0xb4 ./Drivers/STM32H7xx_HAL_Driver/Src/stm32h7xx_hal_adc.o
                0x00000000080027cc                ADC_Enable
 .text.HAL_ADC_Start_IT
                0x0000000008002880      0x164 ./Drivers/STM32H7xx_HAL_Driver/Src/stm32h7xx_hal_adc.o
                0x0000000008002880                HAL_ADC_Start_IT
 .text.ADC_Disable
                0x00000000080029e4       0x6a ./Drivers/STM32H7xx_HAL_Driver/Src/stm32h7xx_hal_adc.o
                0x00000000080029e4                ADC_Disable
 .text.HAL_ADC_Stop_IT
                0x0000000008002a4e       0x48 ./Drivers/STM32H7xx_HAL_Driver/Src/stm32h7xx_hal_adc.o
                0x0000000008002a4e                HAL_ADC_Stop_IT
 *fill*         0x0000000008002a96        0x2 
 .text.ADC_ConfigureBoostMode
                0x0000000008002a98      0x12c ./Drivers/STM32H7xx_HAL_Driver/Src/stm32h7xx_hal_adc.o
                0x0000000008002a98                ADC_ConfigureBoostMode
 .text.HAL_ADC_Init
                0x0000000008002bc4      0x218 ./Drivers/STM32H7xx_HAL_Driver/Src/stm32h7xx_hal_adc.o
                0x0000000008002bc4                HAL_ADC_Init
 .text.LL_ADC_IsEnabled
                0x0000000008002ddc        0x8 ./Drivers/STM32H7xx_HAL_Driver/Src/stm32h7xx_hal_adc_ex.o
 .text.LL_ADC_REG_IsConversionOngoing
                0x0000000008002de4        0x8 ./Drivers/STM32H7xx_HAL_Driver/Src/stm32h7xx_hal_adc_ex.o
 .text.HAL_ADCEx_Calibration_Start
                0x0000000008002dec       0xa0 ./Drivers/STM32H7xx_HAL_Driver/Src/stm32h7xx_hal_adc_ex.o
                0x0000000008002dec                HAL_ADCEx_Calibration_Start
 .text.HAL_ADCEx_InjectedConvCpltCallback
                0x0000000008002e8c        0x2 ./Drivers/STM32H7xx_HAL_Driver/Src/stm32h7xx_hal_adc_ex.o
                0x0000000008002e8c                HAL_ADCEx_InjectedConvCpltCallback
 .text.HAL_ADCEx_InjectedQueueOverflowCallback
                0x0000000008002e8e        0x2 ./Drivers/STM32H7xx_HAL_Driver/Src/stm32h7xx_hal_adc_ex.o
                0x0000000008002e8e                HAL_ADCEx_InjectedQueueOverflowCallback
 .text.HAL_ADCEx_LevelOutOfWindow2Callback
                0x0000000008002e90        0x2 ./Drivers/STM32H7xx_HAL_Driver/Src/stm32h7xx_hal_adc_ex.o
                0x0000000008002e90                HAL_ADCEx_LevelOutOfWindow2Callback
 .text.HAL_ADCEx_LevelOutOfWindow3Callback
                0x0000000008002e92        0x2 ./Drivers/STM32H7xx_HAL_Driver/Src/stm32h7xx_hal_adc_ex.o
                0x0000000008002e92                HAL_ADCEx_LevelOutOfWindow3Callback
 .text.HAL_ADCEx_EndOfSamplingCallback
                0x0000000008002e94        0x2 ./Drivers/STM32H7xx_HAL_Driver/Src/stm32h7xx_hal_adc_ex.o
                0x0000000008002e94                HAL_ADCEx_EndOfSamplingCallback
 *fill*         0x0000000008002e96        0x2 
 .text.HAL_ADCEx_MultiModeConfigChannel
                0x0000000008002e98       0xc8 ./Drivers/STM32H7xx_HAL_Driver/Src/stm32h7xx_hal_adc_ex.o
                0x0000000008002e98                HAL_ADCEx_MultiModeConfigChannel
 .text.HAL_NVIC_SetPriorityGrouping
                0x0000000008002f60       0x24 ./Drivers/STM32H7xx_HAL_Driver/Src/stm32h7xx_hal_cortex.o
                0x0000000008002f60                HAL_NVIC_SetPriorityGrouping
 .text.HAL_NVIC_SetPriority
                0x0000000008002f84       0x64 ./Drivers/STM32H7xx_HAL_Driver/Src/stm32h7xx_hal_cortex.o
                0x0000000008002f84                HAL_NVIC_SetPriority
 .text.HAL_NVIC_EnableIRQ
                0x0000000008002fe8       0x1c ./Drivers/STM32H7xx_HAL_Driver/Src/stm32h7xx_hal_cortex.o
                0x0000000008002fe8                HAL_NVIC_EnableIRQ
 .text.HAL_SYSTICK_Config
                0x0000000008003004       0x28 ./Drivers/STM32H7xx_HAL_Driver/Src/stm32h7xx_hal_cortex.o
                0x0000000008003004                HAL_SYSTICK_Config
 .text.HAL_DAC_Init
                0x000000000800302c       0x26 ./Drivers/STM32H7xx_HAL_Driver/Src/stm32h7xx_hal_dac.o
                0x000000000800302c                HAL_DAC_Init
 .text.HAL_DAC_Start
                0x0000000008003052       0x52 ./Drivers/STM32H7xx_HAL_Driver/Src/stm32h7xx_hal_dac.o
                0x0000000008003052                HAL_DAC_Start
 .text.HAL_DAC_SetValue
                0x00000000080030a4       0x24 ./Drivers/STM32H7xx_HAL_Driver/Src/stm32h7xx_hal_dac.o
                0x00000000080030a4                HAL_DAC_SetValue
 .text.HAL_DAC_ConfigChannel
                0x00000000080030c8      0x148 ./Drivers/STM32H7xx_HAL_Driver/Src/stm32h7xx_hal_dac.o
                0x00000000080030c8                HAL_DAC_ConfigChannel
 .text.HAL_DMA_Abort
                0x0000000008003210      0x34c ./Drivers/STM32H7xx_HAL_Driver/Src/stm32h7xx_hal_dma.o
                0x0000000008003210                HAL_DMA_Abort
 .text.HAL_DMA_Abort_IT
                0x000000000800355c      0x120 ./Drivers/STM32H7xx_HAL_Driver/Src/stm32h7xx_hal_dma.o
                0x000000000800355c                HAL_DMA_Abort_IT
 .text.ETH_SetMACConfig
                0x000000000800367c      0x182 ./Drivers/STM32H7xx_HAL_Driver/Src/stm32h7xx_hal_eth.o
 *fill*         0x00000000080037fe        0x2 
 .text.ETH_SetDMAConfig
                0x0000000008003800       0x8c ./Drivers/STM32H7xx_HAL_Driver/Src/stm32h7xx_hal_eth.o
 .text.HAL_ETH_SetMDIOClockRange
                0x000000000800388c       0x78 ./Drivers/STM32H7xx_HAL_Driver/Src/stm32h7xx_hal_eth.o
                0x000000000800388c                HAL_ETH_SetMDIOClockRange
 .text.HAL_ETH_Init
                0x0000000008003904      0x21c ./Drivers/STM32H7xx_HAL_Driver/Src/stm32h7xx_hal_eth.o
                0x0000000008003904                HAL_ETH_Init
 .text.HAL_GPIO_Init
                0x0000000008003b20      0x1d4 ./Drivers/STM32H7xx_HAL_Driver/Src/stm32h7xx_hal_gpio.o
                0x0000000008003b20                HAL_GPIO_Init
 .text.HAL_GPIO_ReadPin
                0x0000000008003cf4        0xc ./Drivers/STM32H7xx_HAL_Driver/Src/stm32h7xx_hal_gpio.o
                0x0000000008003cf4                HAL_GPIO_ReadPin
 .text.HAL_GPIO_WritePin
                0x0000000008003d00        0xa ./Drivers/STM32H7xx_HAL_Driver/Src/stm32h7xx_hal_gpio.o
                0x0000000008003d00                HAL_GPIO_WritePin
 .text.HAL_PCD_Init
                0x0000000008003d0a      0x112 ./Drivers/STM32H7xx_HAL_Driver/Src/stm32h7xx_hal_pcd.o
                0x0000000008003d0a                HAL_PCD_Init
 .text.HAL_PCDEx_ActivateLPM
                0x0000000008003e1c       0x26 ./Drivers/STM32H7xx_HAL_Driver/Src/stm32h7xx_hal_pcd_ex.o
                0x0000000008003e1c                HAL_PCDEx_ActivateLPM
 *fill*         0x0000000008003e42        0x2 
 .text.HAL_PWREx_ConfigSupply
                0x0000000008003e44       0x48 ./Drivers/STM32H7xx_HAL_Driver/Src/stm32h7xx_hal_pwr_ex.o
                0x0000000008003e44                HAL_PWREx_ConfigSupply
 .text.HAL_PWREx_EnableUSBVoltageDetector
                0x0000000008003e8c       0x10 ./Drivers/STM32H7xx_HAL_Driver/Src/stm32h7xx_hal_pwr_ex.o
                0x0000000008003e8c                HAL_PWREx_EnableUSBVoltageDetector
 .text.HAL_RCC_OscConfig
                0x0000000008003e9c      0x558 ./Drivers/STM32H7xx_HAL_Driver/Src/stm32h7xx_hal_rcc.o
                0x0000000008003e9c                HAL_RCC_OscConfig
 .text.HAL_RCC_MCOConfig
                0x00000000080043f4       0x9c ./Drivers/STM32H7xx_HAL_Driver/Src/stm32h7xx_hal_rcc.o
                0x00000000080043f4                HAL_RCC_MCOConfig
 .text.HAL_RCC_GetSysClockFreq
                0x0000000008004490      0x144 ./Drivers/STM32H7xx_HAL_Driver/Src/stm32h7xx_hal_rcc.o
                0x0000000008004490                HAL_RCC_GetSysClockFreq
 .text.HAL_RCC_ClockConfig
                0x00000000080045d4      0x24c ./Drivers/STM32H7xx_HAL_Driver/Src/stm32h7xx_hal_rcc.o
                0x00000000080045d4                HAL_RCC_ClockConfig
 .text.HAL_RCC_GetHCLKFreq
                0x0000000008004820       0x44 ./Drivers/STM32H7xx_HAL_Driver/Src/stm32h7xx_hal_rcc.o
                0x0000000008004820                HAL_RCC_GetHCLKFreq
 .text.HAL_RCC_GetPCLK1Freq
                0x0000000008004864       0x24 ./Drivers/STM32H7xx_HAL_Driver/Src/stm32h7xx_hal_rcc.o
                0x0000000008004864                HAL_RCC_GetPCLK1Freq
 .text.HAL_RCC_GetPCLK2Freq
                0x0000000008004888       0x24 ./Drivers/STM32H7xx_HAL_Driver/Src/stm32h7xx_hal_rcc.o
                0x0000000008004888                HAL_RCC_GetPCLK2Freq
 .text.RCCEx_PLL2_Config
                0x00000000080048ac       0xf0 ./Drivers/STM32H7xx_HAL_Driver/Src/stm32h7xx_hal_rcc_ex.o
 .text.RCCEx_PLL3_Config
                0x000000000800499c       0xf0 ./Drivers/STM32H7xx_HAL_Driver/Src/stm32h7xx_hal_rcc_ex.o
 .text.HAL_RCCEx_PeriphCLKConfig
                0x0000000008004a8c      0xa28 ./Drivers/STM32H7xx_HAL_Driver/Src/stm32h7xx_hal_rcc_ex.o
                0x0000000008004a8c                HAL_RCCEx_PeriphCLKConfig
 .text.HAL_RCCEx_GetD3PCLK1Freq
                0x00000000080054b4       0x24 ./Drivers/STM32H7xx_HAL_Driver/Src/stm32h7xx_hal_rcc_ex.o
                0x00000000080054b4                HAL_RCCEx_GetD3PCLK1Freq
 .text.HAL_RCCEx_GetPLL2ClockFreq
                0x00000000080054d8      0x154 ./Drivers/STM32H7xx_HAL_Driver/Src/stm32h7xx_hal_rcc_ex.o
                0x00000000080054d8                HAL_RCCEx_GetPLL2ClockFreq
 .text.HAL_RCCEx_GetPLL3ClockFreq
                0x000000000800562c      0x154 ./Drivers/STM32H7xx_HAL_Driver/Src/stm32h7xx_hal_rcc_ex.o
                0x000000000800562c                HAL_RCCEx_GetPLL3ClockFreq
 .text.HAL_RCCEx_GetPLL1ClockFreq
                0x0000000008005780      0x154 ./Drivers/STM32H7xx_HAL_Driver/Src/stm32h7xx_hal_rcc_ex.o
                0x0000000008005780                HAL_RCCEx_GetPLL1ClockFreq
 .text.HAL_RCCEx_GetPeriphCLKFreq
                0x00000000080058d4      0x2f8 ./Drivers/STM32H7xx_HAL_Driver/Src/stm32h7xx_hal_rcc_ex.o
                0x00000000080058d4                HAL_RCCEx_GetPeriphCLKFreq
 .text.HAL_TIM_Base_Start_IT
                0x0000000008005bcc       0x7c ./Drivers/STM32H7xx_HAL_Driver/Src/stm32h7xx_hal_tim.o
                0x0000000008005bcc                HAL_TIM_Base_Start_IT
 .text.HAL_TIM_PeriodElapsedCallback
                0x0000000008005c48        0x2 ./Drivers/STM32H7xx_HAL_Driver/Src/stm32h7xx_hal_tim.o
                0x0000000008005c48                HAL_TIM_PeriodElapsedCallback
 .text.HAL_TIM_OC_DelayElapsedCallback
                0x0000000008005c4a        0x2 ./Drivers/STM32H7xx_HAL_Driver/Src/stm32h7xx_hal_tim.o
                0x0000000008005c4a                HAL_TIM_OC_DelayElapsedCallback
 .text.HAL_TIM_IC_CaptureCallback
                0x0000000008005c4c        0x2 ./Drivers/STM32H7xx_HAL_Driver/Src/stm32h7xx_hal_tim.o
                0x0000000008005c4c                HAL_TIM_IC_CaptureCallback
 .text.HAL_TIM_PWM_PulseFinishedCallback
                0x0000000008005c4e        0x2 ./Drivers/STM32H7xx_HAL_Driver/Src/stm32h7xx_hal_tim.o
                0x0000000008005c4e                HAL_TIM_PWM_PulseFinishedCallback
 .text.HAL_TIM_TriggerCallback
                0x0000000008005c50        0x2 ./Drivers/STM32H7xx_HAL_Driver/Src/stm32h7xx_hal_tim.o
                0x0000000008005c50                HAL_TIM_TriggerCallback
 .text.HAL_TIM_IRQHandler
                0x0000000008005c52      0x160 ./Drivers/STM32H7xx_HAL_Driver/Src/stm32h7xx_hal_tim.o
                0x0000000008005c52                HAL_TIM_IRQHandler
 *fill*         0x0000000008005db2        0x2 
 .text.TIM_Base_SetConfig
                0x0000000008005db4       0xcc ./Drivers/STM32H7xx_HAL_Driver/Src/stm32h7xx_hal_tim.o
                0x0000000008005db4                TIM_Base_SetConfig
 .text.HAL_TIM_Base_Init
                0x0000000008005e80       0x60 ./Drivers/STM32H7xx_HAL_Driver/Src/stm32h7xx_hal_tim.o
                0x0000000008005e80                HAL_TIM_Base_Init
 .text.TIM_ETR_SetConfig
                0x0000000008005ee0       0x14 ./Drivers/STM32H7xx_HAL_Driver/Src/stm32h7xx_hal_tim.o
                0x0000000008005ee0                TIM_ETR_SetConfig
 .text.HAL_TIM_ConfigClockSource
                0x0000000008005ef4      0x178 ./Drivers/STM32H7xx_HAL_Driver/Src/stm32h7xx_hal_tim.o
                0x0000000008005ef4                HAL_TIM_ConfigClockSource
 .text.HAL_TIMEx_MasterConfigSynchronization
                0x000000000800606c       0x98 ./Drivers/STM32H7xx_HAL_Driver/Src/stm32h7xx_hal_tim_ex.o
                0x000000000800606c                HAL_TIMEx_MasterConfigSynchronization
 .text.HAL_TIMEx_CommutCallback
                0x0000000008006104        0x2 ./Drivers/STM32H7xx_HAL_Driver/Src/stm32h7xx_hal_tim_ex.o
                0x0000000008006104                HAL_TIMEx_CommutCallback
 .text.HAL_TIMEx_BreakCallback
                0x0000000008006106        0x2 ./Drivers/STM32H7xx_HAL_Driver/Src/stm32h7xx_hal_tim_ex.o
                0x0000000008006106                HAL_TIMEx_BreakCallback
 .text.HAL_TIMEx_Break2Callback
                0x0000000008006108        0x2 ./Drivers/STM32H7xx_HAL_Driver/Src/stm32h7xx_hal_tim_ex.o
                0x0000000008006108                HAL_TIMEx_Break2Callback
 *fill*         0x000000000800610a        0x2 
 .text.UART_EndRxTransfer
                0x000000000800610c       0x58 ./Drivers/STM32H7xx_HAL_Driver/Src/stm32h7xx_hal_uart.o
 .text.HAL_UART_TxCpltCallback
                0x0000000008006164        0x2 ./Drivers/STM32H7xx_HAL_Driver/Src/stm32h7xx_hal_uart.o
                0x0000000008006164                HAL_UART_TxCpltCallback
 .text.HAL_UART_ErrorCallback
                0x0000000008006166        0x2 ./Drivers/STM32H7xx_HAL_Driver/Src/stm32h7xx_hal_uart.o
                0x0000000008006166                HAL_UART_ErrorCallback
 .text.UART_DMAAbortOnError
                0x0000000008006168       0x14 ./Drivers/STM32H7xx_HAL_Driver/Src/stm32h7xx_hal_uart.o
 .text.HAL_UARTEx_RxEventCallback
                0x000000000800617c        0x2 ./Drivers/STM32H7xx_HAL_Driver/Src/stm32h7xx_hal_uart.o
                0x000000000800617c                HAL_UARTEx_RxEventCallback
 *fill*         0x000000000800617e        0x2 
 .text.HAL_UART_IRQHandler
                0x0000000008006180      0x348 ./Drivers/STM32H7xx_HAL_Driver/Src/stm32h7xx_hal_uart.o
                0x0000000008006180                HAL_UART_IRQHandler
 .text.UART_SetConfig
                0x00000000080064c8      0x38c ./Drivers/STM32H7xx_HAL_Driver/Src/stm32h7xx_hal_uart.o
                0x00000000080064c8                UART_SetConfig
 .text.UART_AdvFeatureConfig
                0x0000000008006854       0xaa ./Drivers/STM32H7xx_HAL_Driver/Src/stm32h7xx_hal_uart.o
                0x0000000008006854                UART_AdvFeatureConfig
 .text.UART_WaitOnFlagUntilTimeout
                0x00000000080068fe       0x88 ./Drivers/STM32H7xx_HAL_Driver/Src/stm32h7xx_hal_uart.o
                0x00000000080068fe                UART_WaitOnFlagUntilTimeout
 .text.UART_CheckIdleState
                0x0000000008006986       0xb8 ./Drivers/STM32H7xx_HAL_Driver/Src/stm32h7xx_hal_uart.o
                0x0000000008006986                UART_CheckIdleState
 .text.HAL_UART_Init
                0x0000000008006a3e       0x60 ./Drivers/STM32H7xx_HAL_Driver/Src/stm32h7xx_hal_uart.o
                0x0000000008006a3e                HAL_UART_Init
 *fill*         0x0000000008006a9e        0x2 
 .text.UARTEx_SetNbDataToProcess
                0x0000000008006aa0       0x44 ./Drivers/STM32H7xx_HAL_Driver/Src/stm32h7xx_hal_uart_ex.o
 .text.HAL_UARTEx_WakeupCallback
                0x0000000008006ae4        0x2 ./Drivers/STM32H7xx_HAL_Driver/Src/stm32h7xx_hal_uart_ex.o
                0x0000000008006ae4                HAL_UARTEx_WakeupCallback
 .text.HAL_UARTEx_RxFifoFullCallback
                0x0000000008006ae6        0x2 ./Drivers/STM32H7xx_HAL_Driver/Src/stm32h7xx_hal_uart_ex.o
                0x0000000008006ae6                HAL_UARTEx_RxFifoFullCallback
 .text.HAL_UARTEx_TxFifoEmptyCallback
                0x0000000008006ae8        0x2 ./Drivers/STM32H7xx_HAL_Driver/Src/stm32h7xx_hal_uart_ex.o
                0x0000000008006ae8                HAL_UARTEx_TxFifoEmptyCallback
 .text.HAL_UARTEx_DisableFifoMode
                0x0000000008006aea       0x36 ./Drivers/STM32H7xx_HAL_Driver/Src/stm32h7xx_hal_uart_ex.o
                0x0000000008006aea                HAL_UARTEx_DisableFifoMode
 .text.HAL_UARTEx_SetTxFifoThreshold
                0x0000000008006b20       0x40 ./Drivers/STM32H7xx_HAL_Driver/Src/stm32h7xx_hal_uart_ex.o
                0x0000000008006b20                HAL_UARTEx_SetTxFifoThreshold
 .text.HAL_UARTEx_SetRxFifoThreshold
                0x0000000008006b60       0x40 ./Drivers/STM32H7xx_HAL_Driver/Src/stm32h7xx_hal_uart_ex.o
                0x0000000008006b60                HAL_UARTEx_SetRxFifoThreshold
 .text.USB_CoreReset
                0x0000000008006ba0       0x4c ./Drivers/STM32H7xx_HAL_Driver/Src/stm32h7xx_ll_usb.o
 .text.USB_CoreInit
                0x0000000008006bec       0x94 ./Drivers/STM32H7xx_HAL_Driver/Src/stm32h7xx_ll_usb.o
                0x0000000008006bec                USB_CoreInit
 .text.USB_DisableGlobalInt
                0x0000000008006c80        0xc ./Drivers/STM32H7xx_HAL_Driver/Src/stm32h7xx_ll_usb.o
                0x0000000008006c80                USB_DisableGlobalInt
 .text.USB_SetCurrentMode
                0x0000000008006c8c       0x5c ./Drivers/STM32H7xx_HAL_Driver/Src/stm32h7xx_ll_usb.o
                0x0000000008006c8c                USB_SetCurrentMode
 .text.USB_FlushTxFifo
                0x0000000008006ce8       0x4c ./Drivers/STM32H7xx_HAL_Driver/Src/stm32h7xx_ll_usb.o
                0x0000000008006ce8                USB_FlushTxFifo
 .text.USB_FlushRxFifo
                0x0000000008006d34       0x48 ./Drivers/STM32H7xx_HAL_Driver/Src/stm32h7xx_ll_usb.o
                0x0000000008006d34                USB_FlushRxFifo
 .text.USB_SetDevSpeed
                0x0000000008006d7c        0xe ./Drivers/STM32H7xx_HAL_Driver/Src/stm32h7xx_ll_usb.o
                0x0000000008006d7c                USB_SetDevSpeed
 *fill*         0x0000000008006d8a        0x2 
 .text.USB_DevInit
                0x0000000008006d8c      0x16c ./Drivers/STM32H7xx_HAL_Driver/Src/stm32h7xx_ll_usb.o
                0x0000000008006d8c                USB_DevInit
 .text.USB_DevDisconnect
                0x0000000008006ef8       0x1c ./Drivers/STM32H7xx_HAL_Driver/Src/stm32h7xx_ll_usb.o
                0x0000000008006ef8                USB_DevDisconnect
 .text.__cvt    0x0000000008006f14       0xa4 C:/ST/STM32CubeIDE_1.8.0/STM32CubeIDE/plugins/com.st.stm32cube.ide.mcu.externaltools.gnu-tools-for-stm32.11.3.rel1.win32_1.1.0.202305231506/tools/bin/../lib/gcc/arm-none-eabi/11.3.1/../../../../arm-none-eabi/lib/thumb/v7e-m+dp/hard\libc_nano.a(libc_a-nano-vfprintf_float.o)
                0x0000000008006f14                __cvt
 .text.__exponent
                0x0000000008006fb8       0x7c C:/ST/STM32CubeIDE_1.8.0/STM32CubeIDE/plugins/com.st.stm32cube.ide.mcu.externaltools.gnu-tools-for-stm32.11.3.rel1.win32_1.1.0.202305231506/tools/bin/../lib/gcc/arm-none-eabi/11.3.1/../../../../arm-none-eabi/lib/thumb/v7e-m+dp/hard\libc_nano.a(libc_a-nano-vfprintf_float.o)
                0x0000000008006fb8                __exponent
 *fill*         0x0000000008007034        0x4 
 .text._printf_float
                0x0000000008007038      0x434 C:/ST/STM32CubeIDE_1.8.0/STM32CubeIDE/plugins/com.st.stm32cube.ide.mcu.externaltools.gnu-tools-for-stm32.11.3.rel1.win32_1.1.0.202305231506/tools/bin/../lib/gcc/arm-none-eabi/11.3.1/../../../../arm-none-eabi/lib/thumb/v7e-m+dp/hard\libc_nano.a(libc_a-nano-vfprintf_float.o)
                0x0000000008007038                _printf_float
 .text._printf_common
                0x000000000800746c       0xda C:/ST/STM32CubeIDE_1.8.0/STM32CubeIDE/plugins/com.st.stm32cube.ide.mcu.externaltools.gnu-tools-for-stm32.11.3.rel1.win32_1.1.0.202305231506/tools/bin/../lib/gcc/arm-none-eabi/11.3.1/../../../../arm-none-eabi/lib/thumb/v7e-m+dp/hard\libc_nano.a(libc_a-nano-vfprintf_i.o)
                0x000000000800746c                _printf_common
 *fill*         0x0000000008007546        0x2 
 .text._printf_i
                0x0000000008007548      0x244 C:/ST/STM32CubeIDE_1.8.0/STM32CubeIDE/plugins/com.st.stm32cube.ide.mcu.externaltools.gnu-tools-for-stm32.11.3.rel1.win32_1.1.0.202305231506/tools/bin/../lib/gcc/arm-none-eabi/11.3.1/../../../../arm-none-eabi/lib/thumb/v7e-m+dp/hard\libc_nano.a(libc_a-nano-vfprintf_i.o)
                0x0000000008007548                _printf_i
 .text.std      0x000000000800778c       0x48 C:/ST/STM32CubeIDE_1.8.0/STM32CubeIDE/plugins/com.st.stm32cube.ide.mcu.externaltools.gnu-tools-for-stm32.11.3.rel1.win32_1.1.0.202305231506/tools/bin/../lib/gcc/arm-none-eabi/11.3.1/../../../../arm-none-eabi/lib/thumb/v7e-m+dp/hard\libc_nano.a(libc_a-findfp.o)
 .text.stdio_exit_handler
                0x00000000080077d4       0x18 C:/ST/STM32CubeIDE_1.8.0/STM32CubeIDE/plugins/com.st.stm32cube.ide.mcu.externaltools.gnu-tools-for-stm32.11.3.rel1.win32_1.1.0.202305231506/tools/bin/../lib/gcc/arm-none-eabi/11.3.1/../../../../arm-none-eabi/lib/thumb/v7e-m+dp/hard\libc_nano.a(libc_a-findfp.o)
 .text.cleanup_stdio
                0x00000000080077ec       0x40 C:/ST/STM32CubeIDE_1.8.0/STM32CubeIDE/plugins/com.st.stm32cube.ide.mcu.externaltools.gnu-tools-for-stm32.11.3.rel1.win32_1.1.0.202305231506/tools/bin/../lib/gcc/arm-none-eabi/11.3.1/../../../../arm-none-eabi/lib/thumb/v7e-m+dp/hard\libc_nano.a(libc_a-findfp.o)
 .text.global_stdio_init.part.0
                0x000000000800782c       0x3c C:/ST/STM32CubeIDE_1.8.0/STM32CubeIDE/plugins/com.st.stm32cube.ide.mcu.externaltools.gnu-tools-for-stm32.11.3.rel1.win32_1.1.0.202305231506/tools/bin/../lib/gcc/arm-none-eabi/11.3.1/../../../../arm-none-eabi/lib/thumb/v7e-m+dp/hard\libc_nano.a(libc_a-findfp.o)
 .text.__sfp_lock_acquire
                0x0000000008007868        0xc C:/ST/STM32CubeIDE_1.8.0/STM32CubeIDE/plugins/com.st.stm32cube.ide.mcu.externaltools.gnu-tools-for-stm32.11.3.rel1.win32_1.1.0.202305231506/tools/bin/../lib/gcc/arm-none-eabi/11.3.1/../../../../arm-none-eabi/lib/thumb/v7e-m+dp/hard\libc_nano.a(libc_a-findfp.o)
                0x0000000008007868                __sfp_lock_acquire
 .text.__sfp_lock_release
                0x0000000008007874        0xc C:/ST/STM32CubeIDE_1.8.0/STM32CubeIDE/plugins/com.st.stm32cube.ide.mcu.externaltools.gnu-tools-for-stm32.11.3.rel1.win32_1.1.0.202305231506/tools/bin/../lib/gcc/arm-none-eabi/11.3.1/../../../../arm-none-eabi/lib/thumb/v7e-m+dp/hard\libc_nano.a(libc_a-findfp.o)
                0x0000000008007874                __sfp_lock_release
 .text.__sinit  0x0000000008007880       0x30 C:/ST/STM32CubeIDE_1.8.0/STM32CubeIDE/plugins/com.st.stm32cube.ide.mcu.externaltools.gnu-tools-for-stm32.11.3.rel1.win32_1.1.0.202305231506/tools/bin/../lib/gcc/arm-none-eabi/11.3.1/../../../../arm-none-eabi/lib/thumb/v7e-m+dp/hard\libc_nano.a(libc_a-findfp.o)
                0x0000000008007880                __sinit
 .text._fwalk_sglue
                0x00000000080078b0       0x3c C:/ST/STM32CubeIDE_1.8.0/STM32CubeIDE/plugins/com.st.stm32cube.ide.mcu.externaltools.gnu-tools-for-stm32.11.3.rel1.win32_1.1.0.202305231506/tools/bin/../lib/gcc/arm-none-eabi/11.3.1/../../../../arm-none-eabi/lib/thumb/v7e-m+dp/hard\libc_nano.a(libc_a-fwalk.o)
                0x00000000080078b0                _fwalk_sglue
 .text.__sread  0x00000000080078ec       0x22 C:/ST/STM32CubeIDE_1.8.0/STM32CubeIDE/plugins/com.st.stm32cube.ide.mcu.externaltools.gnu-tools-for-stm32.11.3.rel1.win32_1.1.0.202305231506/tools/bin/../lib/gcc/arm-none-eabi/11.3.1/../../../../arm-none-eabi/lib/thumb/v7e-m+dp/hard\libc_nano.a(libc_a-stdio.o)
                0x00000000080078ec                __sread
 .text.__swrite
                0x000000000800790e       0x38 C:/ST/STM32CubeIDE_1.8.0/STM32CubeIDE/plugins/com.st.stm32cube.ide.mcu.externaltools.gnu-tools-for-stm32.11.3.rel1.win32_1.1.0.202305231506/tools/bin/../lib/gcc/arm-none-eabi/11.3.1/../../../../arm-none-eabi/lib/thumb/v7e-m+dp/hard\libc_nano.a(libc_a-stdio.o)
                0x000000000800790e                __swrite
 .text.__sseek  0x0000000008007946       0x24 C:/ST/STM32CubeIDE_1.8.0/STM32CubeIDE/plugins/com.st.stm32cube.ide.mcu.externaltools.gnu-tools-for-stm32.11.3.rel1.win32_1.1.0.202305231506/tools/bin/../lib/gcc/arm-none-eabi/11.3.1/../../../../arm-none-eabi/lib/thumb/v7e-m+dp/hard\libc_nano.a(libc_a-stdio.o)
                0x0000000008007946                __sseek
 .text.__sclose
                0x000000000800796a        0x8 C:/ST/STM32CubeIDE_1.8.0/STM32CubeIDE/plugins/com.st.stm32cube.ide.mcu.externaltools.gnu-tools-for-stm32.11.3.rel1.win32_1.1.0.202305231506/tools/bin/../lib/gcc/arm-none-eabi/11.3.1/../../../../arm-none-eabi/lib/thumb/v7e-m+dp/hard\libc_nano.a(libc_a-stdio.o)
                0x000000000800796a                __sclose
 .text.memset   0x0000000008007972       0x10 C:/ST/STM32CubeIDE_1.8.0/STM32CubeIDE/plugins/com.st.stm32cube.ide.mcu.externaltools.gnu-tools-for-stm32.11.3.rel1.win32_1.1.0.202305231506/tools/bin/../lib/gcc/arm-none-eabi/11.3.1/../../../../arm-none-eabi/lib/thumb/v7e-m+dp/hard\libc_nano.a(libc_a-memset.o)
                0x0000000008007972                memset
 *fill*         0x0000000008007982        0x2 
 .text._localeconv_r
                0x0000000008007984        0x8 C:/ST/STM32CubeIDE_1.8.0/STM32CubeIDE/plugins/com.st.stm32cube.ide.mcu.externaltools.gnu-tools-for-stm32.11.3.rel1.win32_1.1.0.202305231506/tools/bin/../lib/gcc/arm-none-eabi/11.3.1/../../../../arm-none-eabi/lib/thumb/v7e-m+dp/hard\libc_nano.a(libc_a-localeconv.o)
                0x0000000008007984                _localeconv_r
 .text._close_r
                0x000000000800798c       0x20 C:/ST/STM32CubeIDE_1.8.0/STM32CubeIDE/plugins/com.st.stm32cube.ide.mcu.externaltools.gnu-tools-for-stm32.11.3.rel1.win32_1.1.0.202305231506/tools/bin/../lib/gcc/arm-none-eabi/11.3.1/../../../../arm-none-eabi/lib/thumb/v7e-m+dp/hard\libc_nano.a(libc_a-closer.o)
                0x000000000800798c                _close_r
 .text._lseek_r
                0x00000000080079ac       0x24 C:/ST/STM32CubeIDE_1.8.0/STM32CubeIDE/plugins/com.st.stm32cube.ide.mcu.externaltools.gnu-tools-for-stm32.11.3.rel1.win32_1.1.0.202305231506/tools/bin/../lib/gcc/arm-none-eabi/11.3.1/../../../../arm-none-eabi/lib/thumb/v7e-m+dp/hard\libc_nano.a(libc_a-lseekr.o)
                0x00000000080079ac                _lseek_r
 .text._read_r  0x00000000080079d0       0x24 C:/ST/STM32CubeIDE_1.8.0/STM32CubeIDE/plugins/com.st.stm32cube.ide.mcu.externaltools.gnu-tools-for-stm32.11.3.rel1.win32_1.1.0.202305231506/tools/bin/../lib/gcc/arm-none-eabi/11.3.1/../../../../arm-none-eabi/lib/thumb/v7e-m+dp/hard\libc_nano.a(libc_a-readr.o)
                0x00000000080079d0                _read_r
 .text._write_r
                0x00000000080079f4       0x24 C:/ST/STM32CubeIDE_1.8.0/STM32CubeIDE/plugins/com.st.stm32cube.ide.mcu.externaltools.gnu-tools-for-stm32.11.3.rel1.win32_1.1.0.202305231506/tools/bin/../lib/gcc/arm-none-eabi/11.3.1/../../../../arm-none-eabi/lib/thumb/v7e-m+dp/hard\libc_nano.a(libc_a-writer.o)
                0x00000000080079f4                _write_r
 .text.__errno  0x0000000008007a18        0xc C:/ST/STM32CubeIDE_1.8.0/STM32CubeIDE/plugins/com.st.stm32cube.ide.mcu.externaltools.gnu-tools-for-stm32.11.3.rel1.win32_1.1.0.202305231506/tools/bin/../lib/gcc/arm-none-eabi/11.3.1/../../../../arm-none-eabi/lib/thumb/v7e-m+dp/hard\libc_nano.a(libc_a-errno.o)
                0x0000000008007a18                __errno
 .text.__libc_init_array
                0x0000000008007a24       0x48 C:/ST/STM32CubeIDE_1.8.0/STM32CubeIDE/plugins/com.st.stm32cube.ide.mcu.externaltools.gnu-tools-for-stm32.11.3.rel1.win32_1.1.0.202305231506/tools/bin/../lib/gcc/arm-none-eabi/11.3.1/../../../../arm-none-eabi/lib/thumb/v7e-m+dp/hard\libc_nano.a(libc_a-init.o)
                0x0000000008007a24                __libc_init_array
 .text.__retarget_lock_acquire_recursive
                0x0000000008007a6c        0x2 C:/ST/STM32CubeIDE_1.8.0/STM32CubeIDE/plugins/com.st.stm32cube.ide.mcu.externaltools.gnu-tools-for-stm32.11.3.rel1.win32_1.1.0.202305231506/tools/bin/../lib/gcc/arm-none-eabi/11.3.1/../../../../arm-none-eabi/lib/thumb/v7e-m+dp/hard\libc_nano.a(libc_a-lock.o)
                0x0000000008007a6c                __retarget_lock_acquire_recursive
 .text.__retarget_lock_release_recursive
                0x0000000008007a6e        0x2 C:/ST/STM32CubeIDE_1.8.0/STM32CubeIDE/plugins/com.st.stm32cube.ide.mcu.externaltools.gnu-tools-for-stm32.11.3.rel1.win32_1.1.0.202305231506/tools/bin/../lib/gcc/arm-none-eabi/11.3.1/../../../../arm-none-eabi/lib/thumb/v7e-m+dp/hard\libc_nano.a(libc_a-lock.o)
                0x0000000008007a6e                __retarget_lock_release_recursive
 .text.memcpy   0x0000000008007a70       0x1c C:/ST/STM32CubeIDE_1.8.0/STM32CubeIDE/plugins/com.st.stm32cube.ide.mcu.externaltools.gnu-tools-for-stm32.11.3.rel1.win32_1.1.0.202305231506/tools/bin/../lib/gcc/arm-none-eabi/11.3.1/../../../../arm-none-eabi/lib/thumb/v7e-m+dp/hard\libc_nano.a(libc_a-memcpy-stub.o)
                0x0000000008007a70                memcpy
 .text.quorem   0x0000000008007a8c      0x110 C:/ST/STM32CubeIDE_1.8.0/STM32CubeIDE/plugins/com.st.stm32cube.ide.mcu.externaltools.gnu-tools-for-stm32.11.3.rel1.win32_1.1.0.202305231506/tools/bin/../lib/gcc/arm-none-eabi/11.3.1/../../../../arm-none-eabi/lib/thumb/v7e-m+dp/hard\libc_nano.a(libc_a-dtoa.o)
 *fill*         0x0000000008007b9c        0x4 
 .text._dtoa_r  0x0000000008007ba0      0xad8 C:/ST/STM32CubeIDE_1.8.0/STM32CubeIDE/plugins/com.st.stm32cube.ide.mcu.externaltools.gnu-tools-for-stm32.11.3.rel1.win32_1.1.0.202305231506/tools/bin/../lib/gcc/arm-none-eabi/11.3.1/../../../../arm-none-eabi/lib/thumb/v7e-m+dp/hard\libc_nano.a(libc_a-dtoa.o)
                0x0000000008007ba0                _dtoa_r
 .text._free_r  0x0000000008008678       0x98 C:/ST/STM32CubeIDE_1.8.0/STM32CubeIDE/plugins/com.st.stm32cube.ide.mcu.externaltools.gnu-tools-for-stm32.11.3.rel1.win32_1.1.0.202305231506/tools/bin/../lib/gcc/arm-none-eabi/11.3.1/../../../../arm-none-eabi/lib/thumb/v7e-m+dp/hard\libc_nano.a(libc_a-freer.o)
                0x0000000008008678                _free_r
 .text.malloc   0x0000000008008710       0x10 C:/ST/STM32CubeIDE_1.8.0/STM32CubeIDE/plugins/com.st.stm32cube.ide.mcu.externaltools.gnu-tools-for-stm32.11.3.rel1.win32_1.1.0.202305231506/tools/bin/../lib/gcc/arm-none-eabi/11.3.1/../../../../arm-none-eabi/lib/thumb/v7e-m+dp/hard\libc_nano.a(libc_a-malloc.o)
                0x0000000008008710                malloc
 .text.sbrk_aligned
                0x0000000008008720       0x40 C:/ST/STM32CubeIDE_1.8.0/STM32CubeIDE/plugins/com.st.stm32cube.ide.mcu.externaltools.gnu-tools-for-stm32.11.3.rel1.win32_1.1.0.202305231506/tools/bin/../lib/gcc/arm-none-eabi/11.3.1/../../../../arm-none-eabi/lib/thumb/v7e-m+dp/hard\libc_nano.a(libc_a-mallocr.o)
 .text._malloc_r
                0x0000000008008760      0x100 C:/ST/STM32CubeIDE_1.8.0/STM32CubeIDE/plugins/com.st.stm32cube.ide.mcu.externaltools.gnu-tools-for-stm32.11.3.rel1.win32_1.1.0.202305231506/tools/bin/../lib/gcc/arm-none-eabi/11.3.1/../../../../arm-none-eabi/lib/thumb/v7e-m+dp/hard\libc_nano.a(libc_a-mallocr.o)
                0x0000000008008760                _malloc_r
 .text.__malloc_lock
                0x0000000008008860        0xc C:/ST/STM32CubeIDE_1.8.0/STM32CubeIDE/plugins/com.st.stm32cube.ide.mcu.externaltools.gnu-tools-for-stm32.11.3.rel1.win32_1.1.0.202305231506/tools/bin/../lib/gcc/arm-none-eabi/11.3.1/../../../../arm-none-eabi/lib/thumb/v7e-m+dp/hard\libc_nano.a(libc_a-mlock.o)
                0x0000000008008860                __malloc_lock
 .text.__malloc_unlock
                0x000000000800886c        0xc C:/ST/STM32CubeIDE_1.8.0/STM32CubeIDE/plugins/com.st.stm32cube.ide.mcu.externaltools.gnu-tools-for-stm32.11.3.rel1.win32_1.1.0.202305231506/tools/bin/../lib/gcc/arm-none-eabi/11.3.1/../../../../arm-none-eabi/lib/thumb/v7e-m+dp/hard\libc_nano.a(libc_a-mlock.o)
                0x000000000800886c                __malloc_unlock
 .text._Balloc  0x0000000008008878       0x80 C:/ST/STM32CubeIDE_1.8.0/STM32CubeIDE/plugins/com.st.stm32cube.ide.mcu.externaltools.gnu-tools-for-stm32.11.3.rel1.win32_1.1.0.202305231506/tools/bin/../lib/gcc/arm-none-eabi/11.3.1/../../../../arm-none-eabi/lib/thumb/v7e-m+dp/hard\libc_nano.a(libc_a-mprec.o)
                0x0000000008008878                _Balloc
 .text._Bfree   0x00000000080088f8       0x44 C:/ST/STM32CubeIDE_1.8.0/STM32CubeIDE/plugins/com.st.stm32cube.ide.mcu.externaltools.gnu-tools-for-stm32.11.3.rel1.win32_1.1.0.202305231506/tools/bin/../lib/gcc/arm-none-eabi/11.3.1/../../../../arm-none-eabi/lib/thumb/v7e-m+dp/hard\libc_nano.a(libc_a-mprec.o)
                0x00000000080088f8                _Bfree
 .text.__multadd
                0x000000000800893c       0x8c C:/ST/STM32CubeIDE_1.8.0/STM32CubeIDE/plugins/com.st.stm32cube.ide.mcu.externaltools.gnu-tools-for-stm32.11.3.rel1.win32_1.1.0.202305231506/tools/bin/../lib/gcc/arm-none-eabi/11.3.1/../../../../arm-none-eabi/lib/thumb/v7e-m+dp/hard\libc_nano.a(libc_a-mprec.o)
                0x000000000800893c                __multadd
 .text.__hi0bits
                0x00000000080089c8       0x40 C:/ST/STM32CubeIDE_1.8.0/STM32CubeIDE/plugins/com.st.stm32cube.ide.mcu.externaltools.gnu-tools-for-stm32.11.3.rel1.win32_1.1.0.202305231506/tools/bin/../lib/gcc/arm-none-eabi/11.3.1/../../../../arm-none-eabi/lib/thumb/v7e-m+dp/hard\libc_nano.a(libc_a-mprec.o)
                0x00000000080089c8                __hi0bits
 .text.__lo0bits
                0x0000000008008a08       0x5a C:/ST/STM32CubeIDE_1.8.0/STM32CubeIDE/plugins/com.st.stm32cube.ide.mcu.externaltools.gnu-tools-for-stm32.11.3.rel1.win32_1.1.0.202305231506/tools/bin/../lib/gcc/arm-none-eabi/11.3.1/../../../../arm-none-eabi/lib/thumb/v7e-m+dp/hard\libc_nano.a(libc_a-mprec.o)
                0x0000000008008a08                __lo0bits
 *fill*         0x0000000008008a62        0x2 
 .text.__i2b    0x0000000008008a64       0x2c C:/ST/STM32CubeIDE_1.8.0/STM32CubeIDE/plugins/com.st.stm32cube.ide.mcu.externaltools.gnu-tools-for-stm32.11.3.rel1.win32_1.1.0.202305231506/tools/bin/../lib/gcc/arm-none-eabi/11.3.1/../../../../arm-none-eabi/lib/thumb/v7e-m+dp/hard\libc_nano.a(libc_a-mprec.o)
                0x0000000008008a64                __i2b
 .text.__multiply
                0x0000000008008a90      0x154 C:/ST/STM32CubeIDE_1.8.0/STM32CubeIDE/plugins/com.st.stm32cube.ide.mcu.externaltools.gnu-tools-for-stm32.11.3.rel1.win32_1.1.0.202305231506/tools/bin/../lib/gcc/arm-none-eabi/11.3.1/../../../../arm-none-eabi/lib/thumb/v7e-m+dp/hard\libc_nano.a(libc_a-mprec.o)
                0x0000000008008a90                __multiply
 .text.__pow5mult
                0x0000000008008be4       0xb4 C:/ST/STM32CubeIDE_1.8.0/STM32CubeIDE/plugins/com.st.stm32cube.ide.mcu.externaltools.gnu-tools-for-stm32.11.3.rel1.win32_1.1.0.202305231506/tools/bin/../lib/gcc/arm-none-eabi/11.3.1/../../../../arm-none-eabi/lib/thumb/v7e-m+dp/hard\libc_nano.a(libc_a-mprec.o)
                0x0000000008008be4                __pow5mult
 .text.__lshift
                0x0000000008008c98       0xd8 C:/ST/STM32CubeIDE_1.8.0/STM32CubeIDE/plugins/com.st.stm32cube.ide.mcu.externaltools.gnu-tools-for-stm32.11.3.rel1.win32_1.1.0.202305231506/tools/bin/../lib/gcc/arm-none-eabi/11.3.1/../../../../arm-none-eabi/lib/thumb/v7e-m+dp/hard\libc_nano.a(libc_a-mprec.o)
                0x0000000008008c98                __lshift
 .text.__mcmp   0x0000000008008d70       0x38 C:/ST/STM32CubeIDE_1.8.0/STM32CubeIDE/plugins/com.st.stm32cube.ide.mcu.externaltools.gnu-tools-for-stm32.11.3.rel1.win32_1.1.0.202305231506/tools/bin/../lib/gcc/arm-none-eabi/11.3.1/../../../../arm-none-eabi/lib/thumb/v7e-m+dp/hard\libc_nano.a(libc_a-mprec.o)
                0x0000000008008d70                __mcmp
 .text.__mdiff  0x0000000008008da8      0x114 C:/ST/STM32CubeIDE_1.8.0/STM32CubeIDE/plugins/com.st.stm32cube.ide.mcu.externaltools.gnu-tools-for-stm32.11.3.rel1.win32_1.1.0.202305231506/tools/bin/../lib/gcc/arm-none-eabi/11.3.1/../../../../arm-none-eabi/lib/thumb/v7e-m+dp/hard\libc_nano.a(libc_a-mprec.o)
                0x0000000008008da8                __mdiff
 .text.__d2b    0x0000000008008ebc       0xb4 C:/ST/STM32CubeIDE_1.8.0/STM32CubeIDE/plugins/com.st.stm32cube.ide.mcu.externaltools.gnu-tools-for-stm32.11.3.rel1.win32_1.1.0.202305231506/tools/bin/../lib/gcc/arm-none-eabi/11.3.1/../../../../arm-none-eabi/lib/thumb/v7e-m+dp/hard\libc_nano.a(libc_a-mprec.o)
                0x0000000008008ebc                __d2b
 .text.__sflush_r
                0x0000000008008f70      0x10c C:/ST/STM32CubeIDE_1.8.0/STM32CubeIDE/plugins/com.st.stm32cube.ide.mcu.externaltools.gnu-tools-for-stm32.11.3.rel1.win32_1.1.0.202305231506/tools/bin/../lib/gcc/arm-none-eabi/11.3.1/../../../../arm-none-eabi/lib/thumb/v7e-m+dp/hard\libc_nano.a(libc_a-fflush.o)
                0x0000000008008f70                __sflush_r
 .text._fflush_r
                0x000000000800907c       0x50 C:/ST/STM32CubeIDE_1.8.0/STM32CubeIDE/plugins/com.st.stm32cube.ide.mcu.externaltools.gnu-tools-for-stm32.11.3.rel1.win32_1.1.0.202305231506/tools/bin/../lib/gcc/arm-none-eabi/11.3.1/../../../../arm-none-eabi/lib/thumb/v7e-m+dp/hard\libc_nano.a(libc_a-fflush.o)
                0x000000000800907c                _fflush_r
 .text._sbrk_r  0x00000000080090cc       0x20 C:/ST/STM32CubeIDE_1.8.0/STM32CubeIDE/plugins/com.st.stm32cube.ide.mcu.externaltools.gnu-tools-for-stm32.11.3.rel1.win32_1.1.0.202305231506/tools/bin/../lib/gcc/arm-none-eabi/11.3.1/../../../../arm-none-eabi/lib/thumb/v7e-m+dp/hard\libc_nano.a(libc_a-sbrkr.o)
                0x00000000080090cc                _sbrk_r
 .text.__assert_func
                0x00000000080090ec       0x3c C:/ST/STM32CubeIDE_1.8.0/STM32CubeIDE/plugins/com.st.stm32cube.ide.mcu.externaltools.gnu-tools-for-stm32.11.3.rel1.win32_1.1.0.202305231506/tools/bin/../lib/gcc/arm-none-eabi/11.3.1/../../../../arm-none-eabi/lib/thumb/v7e-m+dp/hard\libc_nano.a(libc_a-assert.o)
                0x00000000080090ec                __assert_func
 .text._calloc_r
                0x0000000008009128       0x2c C:/ST/STM32CubeIDE_1.8.0/STM32CubeIDE/plugins/com.st.stm32cube.ide.mcu.externaltools.gnu-tools-for-stm32.11.3.rel1.win32_1.1.0.202305231506/tools/bin/../lib/gcc/arm-none-eabi/11.3.1/../../../../arm-none-eabi/lib/thumb/v7e-m+dp/hard\libc_nano.a(libc_a-callocr.o)
                0x0000000008009128                _calloc_r
 .text.__ascii_mbtowc
                0x0000000008009154       0x24 C:/ST/STM32CubeIDE_1.8.0/STM32CubeIDE/plugins/com.st.stm32cube.ide.mcu.externaltools.gnu-tools-for-stm32.11.3.rel1.win32_1.1.0.202305231506/tools/bin/../lib/gcc/arm-none-eabi/11.3.1/../../../../arm-none-eabi/lib/thumb/v7e-m+dp/hard\libc_nano.a(libc_a-mbtowc_r.o)
                0x0000000008009154                __ascii_mbtowc
 .text.__ascii_wctomb
                0x0000000008009178       0x1a C:/ST/STM32CubeIDE_1.8.0/STM32CubeIDE/plugins/com.st.stm32cube.ide.mcu.externaltools.gnu-tools-for-stm32.11.3.rel1.win32_1.1.0.202305231506/tools/bin/../lib/gcc/arm-none-eabi/11.3.1/../../../../arm-none-eabi/lib/thumb/v7e-m+dp/hard\libc_nano.a(libc_a-wctomb_r.o)
                0x0000000008009178                __ascii_wctomb
 *fill*         0x0000000008009192        0x2 
 .text.fprintf  0x0000000008009194       0x24 C:/ST/STM32CubeIDE_1.8.0/STM32CubeIDE/plugins/com.st.stm32cube.ide.mcu.externaltools.gnu-tools-for-stm32.11.3.rel1.win32_1.1.0.202305231506/tools/bin/../lib/gcc/arm-none-eabi/11.3.1/../../../../arm-none-eabi/lib/thumb/v7e-m+dp/hard\libc_nano.a(libc_a-fprintf.o)
                0x0000000008009194                fiprintf
                0x0000000008009194                fprintf
 .text.abort    0x00000000080091b8        0xe C:/ST/STM32CubeIDE_1.8.0/STM32CubeIDE/plugins/com.st.stm32cube.ide.mcu.externaltools.gnu-tools-for-stm32.11.3.rel1.win32_1.1.0.202305231506/tools/bin/../lib/gcc/arm-none-eabi/11.3.1/../../../../arm-none-eabi/lib/thumb/v7e-m+dp/hard\libc_nano.a(libc_a-abort.o)
                0x00000000080091b8                abort
 .text.__sfputc_r
                0x00000000080091c6       0x2e C:/ST/STM32CubeIDE_1.8.0/STM32CubeIDE/plugins/com.st.stm32cube.ide.mcu.externaltools.gnu-tools-for-stm32.11.3.rel1.win32_1.1.0.202305231506/tools/bin/../lib/gcc/arm-none-eabi/11.3.1/../../../../arm-none-eabi/lib/thumb/v7e-m+dp/hard\libc_nano.a(libc_a-nano-vfprintf.o)
 .text.__sfputs_r
                0x00000000080091f4       0x24 C:/ST/STM32CubeIDE_1.8.0/STM32CubeIDE/plugins/com.st.stm32cube.ide.mcu.externaltools.gnu-tools-for-stm32.11.3.rel1.win32_1.1.0.202305231506/tools/bin/../lib/gcc/arm-none-eabi/11.3.1/../../../../arm-none-eabi/lib/thumb/v7e-m+dp/hard\libc_nano.a(libc_a-nano-vfprintf.o)
                0x00000000080091f4                __sfputs_r
 .text._vfprintf_r
                0x0000000008009218      0x234 C:/ST/STM32CubeIDE_1.8.0/STM32CubeIDE/plugins/com.st.stm32cube.ide.mcu.externaltools.gnu-tools-for-stm32.11.3.rel1.win32_1.1.0.202305231506/tools/bin/../lib/gcc/arm-none-eabi/11.3.1/../../../../arm-none-eabi/lib/thumb/v7e-m+dp/hard\libc_nano.a(libc_a-nano-vfprintf.o)
                0x0000000008009218                _vfprintf_r
                0x0000000008009218                _vfiprintf_r
 .text.__swbuf_r
                0x000000000800944c       0x7a C:/ST/STM32CubeIDE_1.8.0/STM32CubeIDE/plugins/com.st.stm32cube.ide.mcu.externaltools.gnu-tools-for-stm32.11.3.rel1.win32_1.1.0.202305231506/tools/bin/../lib/gcc/arm-none-eabi/11.3.1/../../../../arm-none-eabi/lib/thumb/v7e-m+dp/hard\libc_nano.a(libc_a-wbuf.o)
                0x000000000800944c                __swbuf_r
 *fill*         0x00000000080094c6        0x2 
 .text.__swsetup_r
                0x00000000080094c8       0xb0 C:/ST/STM32CubeIDE_1.8.0/STM32CubeIDE/plugins/com.st.stm32cube.ide.mcu.externaltools.gnu-tools-for-stm32.11.3.rel1.win32_1.1.0.202305231506/tools/bin/../lib/gcc/arm-none-eabi/11.3.1/../../../../arm-none-eabi/lib/thumb/v7e-m+dp/hard\libc_nano.a(libc_a-wsetup.o)
                0x00000000080094c8                __swsetup_r
 .text._raise_r
                0x0000000008009578       0x50 C:/ST/STM32CubeIDE_1.8.0/STM32CubeIDE/plugins/com.st.stm32cube.ide.mcu.externaltools.gnu-tools-for-stm32.11.3.rel1.win32_1.1.0.202305231506/tools/bin/../lib/gcc/arm-none-eabi/11.3.1/../../../../arm-none-eabi/lib/thumb/v7e-m+dp/hard\libc_nano.a(libc_a-signal.o)
                0x0000000008009578                _raise_r
 .text.raise    0x00000000080095c8       0x10 C:/ST/STM32CubeIDE_1.8.0/STM32CubeIDE/plugins/com.st.stm32cube.ide.mcu.externaltools.gnu-tools-for-stm32.11.3.rel1.win32_1.1.0.202305231506/tools/bin/../lib/gcc/arm-none-eabi/11.3.1/../../../../arm-none-eabi/lib/thumb/v7e-m+dp/hard\libc_nano.a(libc_a-signal.o)
                0x00000000080095c8                raise
 .text._kill_r  0x00000000080095d8       0x24 C:/ST/STM32CubeIDE_1.8.0/STM32CubeIDE/plugins/com.st.stm32cube.ide.mcu.externaltools.gnu-tools-for-stm32.11.3.rel1.win32_1.1.0.202305231506/tools/bin/../lib/gcc/arm-none-eabi/11.3.1/../../../../arm-none-eabi/lib/thumb/v7e-m+dp/hard\libc_nano.a(libc_a-signalr.o)
                0x00000000080095d8                _kill_r
 .text._getpid_r
                0x00000000080095fc        0x4 C:/ST/STM32CubeIDE_1.8.0/STM32CubeIDE/plugins/com.st.stm32cube.ide.mcu.externaltools.gnu-tools-for-stm32.11.3.rel1.win32_1.1.0.202305231506/tools/bin/../lib/gcc/arm-none-eabi/11.3.1/../../../../arm-none-eabi/lib/thumb/v7e-m+dp/hard\libc_nano.a(libc_a-signalr.o)
                0x00000000080095fc                _getpid_r
 .text.__swhatbuf_r
                0x0000000008009600       0x4c C:/ST/STM32CubeIDE_1.8.0/STM32CubeIDE/plugins/com.st.stm32cube.ide.mcu.externaltools.gnu-tools-for-stm32.11.3.rel1.win32_1.1.0.202305231506/tools/bin/../lib/gcc/arm-none-eabi/11.3.1/../../../../arm-none-eabi/lib/thumb/v7e-m+dp/hard\libc_nano.a(libc_a-makebuf.o)
                0x0000000008009600                __swhatbuf_r
 .text.__smakebuf_r
                0x000000000800964c       0x78 C:/ST/STM32CubeIDE_1.8.0/STM32CubeIDE/plugins/com.st.stm32cube.ide.mcu.externaltools.gnu-tools-for-stm32.11.3.rel1.win32_1.1.0.202305231506/tools/bin/../lib/gcc/arm-none-eabi/11.3.1/../../../../arm-none-eabi/lib/thumb/v7e-m+dp/hard\libc_nano.a(libc_a-makebuf.o)
                0x000000000800964c                __smakebuf_r
 .text._fstat_r
                0x00000000080096c4       0x24 C:/ST/STM32CubeIDE_1.8.0/STM32CubeIDE/plugins/com.st.stm32cube.ide.mcu.externaltools.gnu-tools-for-stm32.11.3.rel1.win32_1.1.0.202305231506/tools/bin/../lib/gcc/arm-none-eabi/11.3.1/../../../../arm-none-eabi/lib/thumb/v7e-m+dp/hard\libc_nano.a(libc_a-fstatr.o)
                0x00000000080096c4                _fstat_r
 .text._isatty_r
                0x00000000080096e8       0x20 C:/ST/STM32CubeIDE_1.8.0/STM32CubeIDE/plugins/com.st.stm32cube.ide.mcu.externaltools.gnu-tools-for-stm32.11.3.rel1.win32_1.1.0.202305231506/tools/bin/../lib/gcc/arm-none-eabi/11.3.1/../../../../arm-none-eabi/lib/thumb/v7e-m+dp/hard\libc_nano.a(libc_a-isattyr.o)
                0x00000000080096e8                _isatty_r
 .text.tanh     0x0000000008009708       0xdc C:/ST/STM32CubeIDE_1.8.0/STM32CubeIDE/plugins/com.st.stm32cube.ide.mcu.externaltools.gnu-tools-for-stm32.11.3.rel1.win32_1.1.0.202305231506/tools/bin/../lib/gcc/arm-none-eabi/11.3.1/../../../../arm-none-eabi/lib/thumb/v7e-m+dp/hard\libm.a(libm_a-s_tanh.o)
                0x0000000008009708                tanh
 *fill*         0x00000000080097e4        0x4 
 .text.expm1    0x00000000080097e8      0x2b0 C:/ST/STM32CubeIDE_1.8.0/STM32CubeIDE/plugins/com.st.stm32cube.ide.mcu.externaltools.gnu-tools-for-stm32.11.3.rel1.win32_1.1.0.202305231506/tools/bin/../lib/gcc/arm-none-eabi/11.3.1/../../../../arm-none-eabi/lib/thumb/v7e-m+dp/hard\libm.a(libm_a-s_expm1.o)
                0x00000000080097e8                expm1
 .text.exp      0x0000000008009a98      0x1a4 C:/ST/STM32CubeIDE_1.8.0/STM32CubeIDE/plugins/com.st.stm32cube.ide.mcu.externaltools.gnu-tools-for-stm32.11.3.rel1.win32_1.1.0.202305231506/tools/bin/../lib/gcc/arm-none-eabi/11.3.1/../../../../arm-none-eabi/lib/thumb/v7e-m+dp/hard\libm.a(libm_a-exp.o)
                0x0000000008009a98                exp
 .text.with_errno
                0x0000000008009c3c       0x16 C:/ST/STM32CubeIDE_1.8.0/STM32CubeIDE/plugins/com.st.stm32cube.ide.mcu.externaltools.gnu-tools-for-stm32.11.3.rel1.win32_1.1.0.202305231506/tools/bin/../lib/gcc/arm-none-eabi/11.3.1/../../../../arm-none-eabi/lib/thumb/v7e-m+dp/hard\libm.a(libm_a-math_err.o)
 .text.xflow    0x0000000008009c52       0x22 C:/ST/STM32CubeIDE_1.8.0/STM32CubeIDE/plugins/com.st.stm32cube.ide.mcu.externaltools.gnu-tools-for-stm32.11.3.rel1.win32_1.1.0.202305231506/tools/bin/../lib/gcc/arm-none-eabi/11.3.1/../../../../arm-none-eabi/lib/thumb/v7e-m+dp/hard\libm.a(libm_a-math_err.o)
 *fill*         0x0000000008009c74        0x4 
 .text.__math_uflow
                0x0000000008009c78       0x10 C:/ST/STM32CubeIDE_1.8.0/STM32CubeIDE/plugins/com.st.stm32cube.ide.mcu.externaltools.gnu-tools-for-stm32.11.3.rel1.win32_1.1.0.202305231506/tools/bin/../lib/gcc/arm-none-eabi/11.3.1/../../../../arm-none-eabi/lib/thumb/v7e-m+dp/hard\libm.a(libm_a-math_err.o)
                0x0000000008009c78                __math_uflow
 .text.__math_oflow
                0x0000000008009c88       0x10 C:/ST/STM32CubeIDE_1.8.0/STM32CubeIDE/plugins/com.st.stm32cube.ide.mcu.externaltools.gnu-tools-for-stm32.11.3.rel1.win32_1.1.0.202305231506/tools/bin/../lib/gcc/arm-none-eabi/11.3.1/../../../../arm-none-eabi/lib/thumb/v7e-m+dp/hard\libm.a(libm_a-math_err.o)
                0x0000000008009c88                __math_oflow
 .text.__math_check_uflow
                0x0000000008009c98       0x12 C:/ST/STM32CubeIDE_1.8.0/STM32CubeIDE/plugins/com.st.stm32cube.ide.mcu.externaltools.gnu-tools-for-stm32.11.3.rel1.win32_1.1.0.202305231506/tools/bin/../lib/gcc/arm-none-eabi/11.3.1/../../../../arm-none-eabi/lib/thumb/v7e-m+dp/hard\libm.a(libm_a-math_err.o)
                0x0000000008009c98                __math_check_uflow
 *fill*         0x0000000008009caa        0x6 
 .text.__math_check_oflow
                0x0000000008009cb0       0x28 C:/ST/STM32CubeIDE_1.8.0/STM32CubeIDE/plugins/com.st.stm32cube.ide.mcu.externaltools.gnu-tools-for-stm32.11.3.rel1.win32_1.1.0.202305231506/tools/bin/../lib/gcc/arm-none-eabi/11.3.1/../../../../arm-none-eabi/lib/thumb/v7e-m+dp/hard\libm.a(libm_a-math_err.o)
                0x0000000008009cb0                __math_check_oflow
 .text.fabs     0x0000000008009cd8       0x12 C:/ST/STM32CubeIDE_1.8.0/STM32CubeIDE/plugins/com.st.stm32cube.ide.mcu.externaltools.gnu-tools-for-stm32.11.3.rel1.win32_1.1.0.202305231506/tools/bin/../lib/gcc/arm-none-eabi/11.3.1/../../../../arm-none-eabi/lib/thumb/v7e-m+dp/hard\libm.a(libm_a-s_fabs.o)
                0x0000000008009cd8                fabs
 *(.glue_7)
 .glue_7        0x0000000008009cea        0x0 linker stubs
 *(.glue_7t)
 .glue_7t       0x0000000008009cea        0x0 linker stubs
 *(.eh_frame)
 *fill*         0x0000000008009cea        0x2 
 .eh_frame      0x0000000008009cec        0x0 C:/ST/STM32CubeIDE_1.8.0/STM32CubeIDE/plugins/com.st.stm32cube.ide.mcu.externaltools.gnu-tools-for-stm32.11.3.rel1.win32_1.1.0.202305231506/tools/bin/../lib/gcc/arm-none-eabi/11.3.1/thumb/v7e-m+dp/hard/crtbegin.o
 *(.init)
 .init          0x0000000008009cec        0x4 C:/ST/STM32CubeIDE_1.8.0/STM32CubeIDE/plugins/com.st.stm32cube.ide.mcu.externaltools.gnu-tools-for-stm32.11.3.rel1.win32_1.1.0.202305231506/tools/bin/../lib/gcc/arm-none-eabi/11.3.1/thumb/v7e-m+dp/hard/crti.o
                0x0000000008009cec                _init
 .init          0x0000000008009cf0        0x8 C:/ST/STM32CubeIDE_1.8.0/STM32CubeIDE/plugins/com.st.stm32cube.ide.mcu.externaltools.gnu-tools-for-stm32.11.3.rel1.win32_1.1.0.202305231506/tools/bin/../lib/gcc/arm-none-eabi/11.3.1/thumb/v7e-m+dp/hard/crtn.o
 *(.fini)
 .fini          0x0000000008009cf8        0x4 C:/ST/STM32CubeIDE_1.8.0/STM32CubeIDE/plugins/com.st.stm32cube.ide.mcu.externaltools.gnu-tools-for-stm32.11.3.rel1.win32_1.1.0.202305231506/tools/bin/../lib/gcc/arm-none-eabi/11.3.1/thumb/v7e-m+dp/hard/crti.o
                0x0000000008009cf8                _fini
 .fini          0x0000000008009cfc        0x8 C:/ST/STM32CubeIDE_1.8.0/STM32CubeIDE/plugins/com.st.stm32cube.ide.mcu.externaltools.gnu-tools-for-stm32.11.3.rel1.win32_1.1.0.202305231506/tools/bin/../lib/gcc/arm-none-eabi/11.3.1/thumb/v7e-m+dp/hard/crtn.o
                0x0000000008009d04                . = ALIGN (0x4)
                0x0000000008009d04                _etext = .

.vfp11_veneer   0x0000000008009d04        0x0
 .vfp11_veneer  0x0000000008009d04        0x0 linker stubs

.v4_bx          0x0000000008009d04        0x0
 .v4_bx         0x0000000008009d04        0x0 linker stubs

.iplt           0x0000000008009d04        0x0
 .iplt          0x0000000008009d04        0x0 C:/ST/STM32CubeIDE_1.8.0/STM32CubeIDE/plugins/com.st.stm32cube.ide.mcu.externaltools.gnu-tools-for-stm32.11.3.rel1.win32_1.1.0.202305231506/tools/bin/../lib/gcc/arm-none-eabi/11.3.1/thumb/v7e-m+dp/hard/crtbegin.o

.rodata         0x0000000008009d08      0xd18
                0x0000000008009d08                . = ALIGN (0x4)
 *(.rodata)
 *(.rodata*)
 .rodata.param.0
                0x0000000008009d08       0x68 ./Core/Src/app/app.o
 .rodata.param.3
                0x0000000008009d70       0x28 ./Core/Src/app/app.o
 .rodata.param.6
                0x0000000008009d98       0x38 ./Core/Src/app/app.o
 .rodata.D1CorePrescTable
                0x0000000008009dd0       0x10 ./Core/Src/system_stm32h7xx.o
                0x0000000008009dd0                D1CorePrescTable
 .rodata.CSWTCH.61
                0x0000000008009de0       0x29 ./Drivers/STM32H7xx_HAL_Driver/Src/stm32h7xx_hal_uart.o
 .rodata.CSWTCH.62
                0x0000000008009e09        0x6 ./Drivers/STM32H7xx_HAL_Driver/Src/stm32h7xx_hal_uart.o
 .rodata.CSWTCH.69
                0x0000000008009e0f        0x6 ./Drivers/STM32H7xx_HAL_Driver/Src/stm32h7xx_hal_uart.o
 *fill*         0x0000000008009e15        0x1 
 .rodata.UARTPrescTable
                0x0000000008009e16       0x18 ./Drivers/STM32H7xx_HAL_Driver/Src/stm32h7xx_hal_uart.o
                0x0000000008009e16                UARTPrescTable
 .rodata.denominator.0
                0x0000000008009e2e        0x8 ./Drivers/STM32H7xx_HAL_Driver/Src/stm32h7xx_hal_uart_ex.o
 .rodata.numerator.1
                0x0000000008009e36        0x8 ./Drivers/STM32H7xx_HAL_Driver/Src/stm32h7xx_hal_uart_ex.o
 .rodata._printf_float.str1.1
                0x0000000008009e3e       0x12 C:/ST/STM32CubeIDE_1.8.0/STM32CubeIDE/plugins/com.st.stm32cube.ide.mcu.externaltools.gnu-tools-for-stm32.11.3.rel1.win32_1.1.0.202305231506/tools/bin/../lib/gcc/arm-none-eabi/11.3.1/../../../../arm-none-eabi/lib/thumb/v7e-m+dp/hard\libc_nano.a(libc_a-nano-vfprintf_float.o)
 .rodata._printf_i.str1.1
                0x0000000008009e50       0x22 C:/ST/STM32CubeIDE_1.8.0/STM32CubeIDE/plugins/com.st.stm32cube.ide.mcu.externaltools.gnu-tools-for-stm32.11.3.rel1.win32_1.1.0.202305231506/tools/bin/../lib/gcc/arm-none-eabi/11.3.1/../../../../arm-none-eabi/lib/thumb/v7e-m+dp/hard\libc_nano.a(libc_a-nano-vfprintf_i.o)
 .rodata._dtoa_r.str1.1
                0x0000000008009e72       0x8d C:/ST/STM32CubeIDE_1.8.0/STM32CubeIDE/plugins/com.st.stm32cube.ide.mcu.externaltools.gnu-tools-for-stm32.11.3.rel1.win32_1.1.0.202305231506/tools/bin/../lib/gcc/arm-none-eabi/11.3.1/../../../../arm-none-eabi/lib/thumb/v7e-m+dp/hard\libc_nano.a(libc_a-dtoa.o)
                                         0x8f (size before relaxing)
 .rodata._Balloc.str1.1
                0x0000000008009eff       0x59 C:/ST/STM32CubeIDE_1.8.0/STM32CubeIDE/plugins/com.st.stm32cube.ide.mcu.externaltools.gnu-tools-for-stm32.11.3.rel1.win32_1.1.0.202305231506/tools/bin/../lib/gcc/arm-none-eabi/11.3.1/../../../../arm-none-eabi/lib/thumb/v7e-m+dp/hard\libc_nano.a(libc_a-mprec.o)
                                         0x70 (size before relaxing)
 .rodata.__multadd.str1.1
                0x0000000008009f58       0x11 C:/ST/STM32CubeIDE_1.8.0/STM32CubeIDE/plugins/com.st.stm32cube.ide.mcu.externaltools.gnu-tools-for-stm32.11.3.rel1.win32_1.1.0.202305231506/tools/bin/../lib/gcc/arm-none-eabi/11.3.1/../../../../arm-none-eabi/lib/thumb/v7e-m+dp/hard\libc_nano.a(libc_a-mprec.o)
 .rodata.__mprec_bigtens
                0x0000000008009f58       0x28 C:/ST/STM32CubeIDE_1.8.0/STM32CubeIDE/plugins/com.st.stm32cube.ide.mcu.externaltools.gnu-tools-for-stm32.11.3.rel1.win32_1.1.0.202305231506/tools/bin/../lib/gcc/arm-none-eabi/11.3.1/../../../../arm-none-eabi/lib/thumb/v7e-m+dp/hard\libc_nano.a(libc_a-mprec.o)
                0x0000000008009f58                __mprec_bigtens
 .rodata.__mprec_tens
                0x0000000008009f80       0xc8 C:/ST/STM32CubeIDE_1.8.0/STM32CubeIDE/plugins/com.st.stm32cube.ide.mcu.externaltools.gnu-tools-for-stm32.11.3.rel1.win32_1.1.0.202305231506/tools/bin/../lib/gcc/arm-none-eabi/11.3.1/../../../../arm-none-eabi/lib/thumb/v7e-m+dp/hard\libc_nano.a(libc_a-mprec.o)
                0x0000000008009f80                __mprec_tens
 .rodata.p05.0  0x000000000800a048        0xc C:/ST/STM32CubeIDE_1.8.0/STM32CubeIDE/plugins/com.st.stm32cube.ide.mcu.externaltools.gnu-tools-for-stm32.11.3.rel1.win32_1.1.0.202305231506/tools/bin/../lib/gcc/arm-none-eabi/11.3.1/../../../../arm-none-eabi/lib/thumb/v7e-m+dp/hard\libc_nano.a(libc_a-mprec.o)
 .rodata._setlocale_r.str1.1
                0x000000000800a054        0x8 C:/ST/STM32CubeIDE_1.8.0/STM32CubeIDE/plugins/com.st.stm32cube.ide.mcu.externaltools.gnu-tools-for-stm32.11.3.rel1.win32_1.1.0.202305231506/tools/bin/../lib/gcc/arm-none-eabi/11.3.1/../../../../arm-none-eabi/lib/thumb/v7e-m+dp/hard\libc_nano.a(libc_a-locale.o)
                                          0x9 (size before relaxing)
 .rodata.str1.1
                0x000000000800a05c        0x2 C:/ST/STM32CubeIDE_1.8.0/STM32CubeIDE/plugins/com.st.stm32cube.ide.mcu.externaltools.gnu-tools-for-stm32.11.3.rel1.win32_1.1.0.202305231506/tools/bin/../lib/gcc/arm-none-eabi/11.3.1/../../../../arm-none-eabi/lib/thumb/v7e-m+dp/hard\libc_nano.a(libc_a-locale.o)
 .rodata.__assert_func.str1.1
                0x000000000800a05e       0x3c C:/ST/STM32CubeIDE_1.8.0/STM32CubeIDE/plugins/com.st.stm32cube.ide.mcu.externaltools.gnu-tools-for-stm32.11.3.rel1.win32_1.1.0.202305231506/tools/bin/../lib/gcc/arm-none-eabi/11.3.1/../../../../arm-none-eabi/lib/thumb/v7e-m+dp/hard\libc_nano.a(libc_a-assert.o)
                                         0x3d (size before relaxing)
 .rodata._ctype_
                0x000000000800a09a      0x101 C:/ST/STM32CubeIDE_1.8.0/STM32CubeIDE/plugins/com.st.stm32cube.ide.mcu.externaltools.gnu-tools-for-stm32.11.3.rel1.win32_1.1.0.202305231506/tools/bin/../lib/gcc/arm-none-eabi/11.3.1/../../../../arm-none-eabi/lib/thumb/v7e-m+dp/hard\libc_nano.a(libc_a-ctype_.o)
                0x000000000800a09a                _ctype_
 .rodata._vfprintf_r.str1.1
                0x000000000800a19b       0x11 C:/ST/STM32CubeIDE_1.8.0/STM32CubeIDE/plugins/com.st.stm32cube.ide.mcu.externaltools.gnu-tools-for-stm32.11.3.rel1.win32_1.1.0.202305231506/tools/bin/../lib/gcc/arm-none-eabi/11.3.1/../../../../arm-none-eabi/lib/thumb/v7e-m+dp/hard\libc_nano.a(libc_a-nano-vfprintf.o)
 *fill*         0x000000000800a1ac        0x4 
 .rodata.__exp_data
                0x000000000800a1b0      0x870 C:/ST/STM32CubeIDE_1.8.0/STM32CubeIDE/plugins/com.st.stm32cube.ide.mcu.externaltools.gnu-tools-for-stm32.11.3.rel1.win32_1.1.0.202305231506/tools/bin/../lib/gcc/arm-none-eabi/11.3.1/../../../../arm-none-eabi/lib/thumb/v7e-m+dp/hard\libm.a(libm_a-exp_data.o)
                0x000000000800a1b0                __exp_data
                0x000000000800aa20                . = ALIGN (0x4)

.ARM.extab
 *(.ARM.extab* .gnu.linkonce.armextab.*)

.ARM            0x000000000800aa20        0x8
                0x000000000800aa20                __exidx_start = .
 *(.ARM.exidx*)
 .ARM.exidx     0x000000000800aa20        0x8 C:/ST/STM32CubeIDE_1.8.0/STM32CubeIDE/plugins/com.st.stm32cube.ide.mcu.externaltools.gnu-tools-for-stm32.11.3.rel1.win32_1.1.0.202305231506/tools/bin/../lib/gcc/arm-none-eabi/11.3.1/thumb/v7e-m+dp/hard\libgcc.a(_udivmoddi4.o)
                0x000000000800aa28                __exidx_end = .

.rel.dyn        0x000000000800aa28        0x0
 .rel.iplt      0x000000000800aa28        0x0 C:/ST/STM32CubeIDE_1.8.0/STM32CubeIDE/plugins/com.st.stm32cube.ide.mcu.externaltools.gnu-tools-for-stm32.11.3.rel1.win32_1.1.0.202305231506/tools/bin/../lib/gcc/arm-none-eabi/11.3.1/thumb/v7e-m+dp/hard/crtbegin.o

.preinit_array  0x000000000800aa28        0x0
                0x000000000800aa28                PROVIDE (__preinit_array_start = .)
 *(.preinit_array*)
                0x000000000800aa28                PROVIDE (__preinit_array_end = .)

.init_array     0x000000000800aa28        0x4